INFO(8609093120)2022-02-09 11:43:31,016:*************************
INFO(8609093120)2022-02-09 11:43:31,016:deblurring started
WARNING(8609093120)2022-02-09 11:43:31,017:deblur version 1.1.0 workflow started on /private/var/folders/kg/8vg7l_kn7mj_706mwvy19dq00000gn/T/qiime2-archive-go3jb7je/d2083e36-6efc-4ed4-83e1-e5530a069815/data
WARNING(8609093120)2022-02-09 11:43:31,017:parameters: {'seqs_fp': '/private/var/folders/kg/8vg7l_kn7mj_706mwvy19dq00000gn/T/qiime2-archive-go3jb7je/d2083e36-6efc-4ed4-83e1-e5530a069815/data', 'output_dir': '/private/var/folders/kg/8vg7l_kn7mj_706mwvy19dq00000gn/T/tmp_ba8m0sd', 'pos_ref_fp': (), 'pos_ref_db_fp': (), 'neg_ref_fp': (), 'neg_ref_db_fp': (), 'overwrite': True, 'mean_error': 0.005, 'error_dist': [1, 0.06, 0.02, 0.02, 0.01, 0.005, 0.005, 0.005, 0.001, 0.001, 0.001, 0.0005], 'indel_prob': 0.01, 'indel_max': 3, 'trim_length': 280, 'left_trim_length': 0, 'min_reads': 10, 'min_size': 2, 'threads_per_sample': 1, 'keep_tmp_files': True, 'log_level': 2, 'log_file': '/Users/corinneklohmann/Documents/GitHub/Bioinformatics-/deblur.log', 'jobs_to_start': 1, 'is_worker_thread': False, 'logger': <Logger __main__ (INFO)>}
INFO(8609093120)2022-02-09 11:43:31,017:error_dist is : [1, 0.06, 0.02, 0.02, 0.01, 0.005, 0.005, 0.005, 0.001, 0.001, 0.001, 0.0005]
INFO(8609093120)2022-02-09 11:43:31,017:deblur main program started
INFO(8609093120)2022-02-09 11:43:31,017:processing directory /private/var/folders/kg/8vg7l_kn7mj_706mwvy19dq00000gn/T/qiime2-archive-go3jb7je/d2083e36-6efc-4ed4-83e1-e5530a069815/data
INFO(8609093120)2022-02-09 11:43:31,018:building negative db sortmerna index files
INFO(8609093120)2022-02-09 11:43:31,018:build_index_sortmerna files ['/Users/corinneklohmann/opt/miniconda3/envs/qiime2-2021.11/lib/python3.8/site-packages/deblur/support_files/artifacts.fa'] to dir /private/var/folders/kg/8vg7l_kn7mj_706mwvy19dq00000gn/T/tmp_ba8m0sd/deblur_working_dir
INFO(8609093120)2022-02-09 11:43:31,339:building positive db sortmerna index files
INFO(8609093120)2022-02-09 11:43:31,339:build_index_sortmerna files ['/Users/corinneklohmann/opt/miniconda3/envs/qiime2-2021.11/lib/python3.8/site-packages/deblur/support_files/88_otus.fasta'] to dir /private/var/folders/kg/8vg7l_kn7mj_706mwvy19dq00000gn/T/tmp_ba8m0sd/deblur_working_dir
INFO(8609093120)2022-02-09 11:44:01,579:processing per sample fasta files
INFO(8609093120)2022-02-09 11:44:01,579:--------------------------------------------------------
INFO(8609093120)2022-02-09 11:44:01,579:launch_workflow for file /private/var/folders/kg/8vg7l_kn7mj_706mwvy19dq00000gn/T/qiime2-archive-go3jb7je/d2083e36-6efc-4ed4-83e1-e5530a069815/data/8-21-gg-g1_30_L001_R1_001.fastq.gz
INFO(8609093120)2022-02-09 11:44:09,812:dereplicate seqs file /private/var/folders/kg/8vg7l_kn7mj_706mwvy19dq00000gn/T/tmp_ba8m0sd/deblur_working_dir/8-21-gg-g1_30_L001_R1_001.fastq.gz.trim
INFO(8609093120)2022-02-09 11:44:10,126:remove_artifacts_seqs file /private/var/folders/kg/8vg7l_kn7mj_706mwvy19dq00000gn/T/tmp_ba8m0sd/deblur_working_dir/8-21-gg-g1_30_L001_R1_001.fastq.gz.trim.derep
INFO(8609093120)2022-02-09 11:44:10,777:total sequences 3014, passing sequences 3014, failing sequences 0
INFO(8609093120)2022-02-09 11:44:10,777:multiple_sequence_alignment seqs file /private/var/folders/kg/8vg7l_kn7mj_706mwvy19dq00000gn/T/tmp_ba8m0sd/deblur_working_dir/8-21-gg-g1_30_L001_R1_001.fastq.gz.trim.derep.no_artifacts
INFO(8609093120)2022-02-09 11:44:39,766:deblurring 3014 sequences
INFO(8609093120)2022-02-09 11:44:44,926:1227 unique sequences left following deblurring
INFO(8609093120)2022-02-09 11:44:44,936:remove_chimeras_denovo_from_seqs seqs file /private/var/folders/kg/8vg7l_kn7mj_706mwvy19dq00000gn/T/tmp_ba8m0sd/deblur_working_dir/8-21-gg-g1_30_L001_R1_001.fastq.gz.trim.derep.no_artifacts.msa.deblurto working dir /private/var/folders/kg/8vg7l_kn7mj_706mwvy19dq00000gn/T/tmp_ba8m0sd/deblur_working_dir
INFO(8609093120)2022-02-09 11:44:46,057:finished processing file
INFO(8609093120)2022-02-09 11:44:46,060:--------------------------------------------------------
INFO(8609093120)2022-02-09 11:44:46,060:launch_workflow for file /private/var/folders/kg/8vg7l_kn7mj_706mwvy19dq00000gn/T/qiime2-archive-go3jb7je/d2083e36-6efc-4ed4-83e1-e5530a069815/data/8-21-gg-ng3_37_L001_R1_001.fastq.gz
INFO(8609093120)2022-02-09 11:44:51,210:dereplicate seqs file /private/var/folders/kg/8vg7l_kn7mj_706mwvy19dq00000gn/T/tmp_ba8m0sd/deblur_working_dir/8-21-gg-ng3_37_L001_R1_001.fastq.gz.trim
INFO(8609093120)2022-02-09 11:44:51,279:remove_artifacts_seqs file /private/var/folders/kg/8vg7l_kn7mj_706mwvy19dq00000gn/T/tmp_ba8m0sd/deblur_working_dir/8-21-gg-ng3_37_L001_R1_001.fastq.gz.trim.derep
INFO(8609093120)2022-02-09 11:44:51,688:total sequences 1724, passing sequences 1724, failing sequences 0
INFO(8609093120)2022-02-09 11:44:51,688:multiple_sequence_alignment seqs file /private/var/folders/kg/8vg7l_kn7mj_706mwvy19dq00000gn/T/tmp_ba8m0sd/deblur_working_dir/8-21-gg-ng3_37_L001_R1_001.fastq.gz.trim.derep.no_artifacts
INFO(8609093120)2022-02-09 11:45:04,563:deblurring 1724 sequences
INFO(8609093120)2022-02-09 11:45:06,016:667 unique sequences left following deblurring
INFO(8609093120)2022-02-09 11:45:06,021:remove_chimeras_denovo_from_seqs seqs file /private/var/folders/kg/8vg7l_kn7mj_706mwvy19dq00000gn/T/tmp_ba8m0sd/deblur_working_dir/8-21-gg-ng3_37_L001_R1_001.fastq.gz.trim.derep.no_artifacts.msa.deblurto working dir /private/var/folders/kg/8vg7l_kn7mj_706mwvy19dq00000gn/T/tmp_ba8m0sd/deblur_working_dir
INFO(8609093120)2022-02-09 11:45:06,611:finished processing file
INFO(8609093120)2022-02-09 11:45:06,612:--------------------------------------------------------
INFO(8609093120)2022-02-09 11:45:06,612:launch_workflow for file /private/var/folders/kg/8vg7l_kn7mj_706mwvy19dq00000gn/T/qiime2-archive-go3jb7je/d2083e36-6efc-4ed4-83e1-e5530a069815/data/12-18-20-sc-ng5_19_L001_R1_001.fastq.gz
INFO(8609093120)2022-02-09 11:45:11,579:dereplicate seqs file /private/var/folders/kg/8vg7l_kn7mj_706mwvy19dq00000gn/T/tmp_ba8m0sd/deblur_working_dir/12-18-20-sc-ng5_19_L001_R1_001.fastq.gz.trim
INFO(8609093120)2022-02-09 11:45:11,599:remove_artifacts_seqs file /private/var/folders/kg/8vg7l_kn7mj_706mwvy19dq00000gn/T/tmp_ba8m0sd/deblur_working_dir/12-18-20-sc-ng5_19_L001_R1_001.fastq.gz.trim.derep
INFO(8609093120)2022-02-09 11:45:11,928:total sequences 18, passing sequences 18, failing sequences 0
INFO(8609093120)2022-02-09 11:45:11,928:multiple_sequence_alignment seqs file /private/var/folders/kg/8vg7l_kn7mj_706mwvy19dq00000gn/T/tmp_ba8m0sd/deblur_working_dir/12-18-20-sc-ng5_19_L001_R1_001.fastq.gz.trim.derep.no_artifacts
INFO(8609093120)2022-02-09 11:45:13,288:deblurring 18 sequences
INFO(8609093120)2022-02-09 11:45:13,290:16 unique sequences left following deblurring
INFO(8609093120)2022-02-09 11:45:13,290:remove_chimeras_denovo_from_seqs seqs file /private/var/folders/kg/8vg7l_kn7mj_706mwvy19dq00000gn/T/tmp_ba8m0sd/deblur_working_dir/12-18-20-sc-ng5_19_L001_R1_001.fastq.gz.trim.derep.no_artifacts.msa.deblurto working dir /private/var/folders/kg/8vg7l_kn7mj_706mwvy19dq00000gn/T/tmp_ba8m0sd/deblur_working_dir
INFO(8609093120)2022-02-09 11:45:13,318:finished processing file
INFO(8609093120)2022-02-09 11:45:13,318:--------------------------------------------------------
INFO(8609093120)2022-02-09 11:45:13,318:launch_workflow for file /private/var/folders/kg/8vg7l_kn7mj_706mwvy19dq00000gn/T/qiime2-archive-go3jb7je/d2083e36-6efc-4ed4-83e1-e5530a069815/data/8-25-alki-ng1_45_L001_R1_001.fastq.gz
INFO(8609093120)2022-02-09 11:45:21,275:dereplicate seqs file /private/var/folders/kg/8vg7l_kn7mj_706mwvy19dq00000gn/T/tmp_ba8m0sd/deblur_working_dir/8-25-alki-ng1_45_L001_R1_001.fastq.gz.trim
INFO(8609093120)2022-02-09 11:45:21,374:remove_artifacts_seqs file /private/var/folders/kg/8vg7l_kn7mj_706mwvy19dq00000gn/T/tmp_ba8m0sd/deblur_working_dir/8-25-alki-ng1_45_L001_R1_001.fastq.gz.trim.derep
INFO(8609093120)2022-02-09 11:45:21,836:total sequences 2892, passing sequences 2892, failing sequences 0
INFO(8609093120)2022-02-09 11:45:21,836:multiple_sequence_alignment seqs file /private/var/folders/kg/8vg7l_kn7mj_706mwvy19dq00000gn/T/tmp_ba8m0sd/deblur_working_dir/8-25-alki-ng1_45_L001_R1_001.fastq.gz.trim.derep.no_artifacts
INFO(8609093120)2022-02-09 11:45:47,530:deblurring 2892 sequences
INFO(8609093120)2022-02-09 11:45:51,109:867 unique sequences left following deblurring
INFO(8609093120)2022-02-09 11:45:51,116:remove_chimeras_denovo_from_seqs seqs file /private/var/folders/kg/8vg7l_kn7mj_706mwvy19dq00000gn/T/tmp_ba8m0sd/deblur_working_dir/8-25-alki-ng1_45_L001_R1_001.fastq.gz.trim.derep.no_artifacts.msa.deblurto working dir /private/var/folders/kg/8vg7l_kn7mj_706mwvy19dq00000gn/T/tmp_ba8m0sd/deblur_working_dir
INFO(8609093120)2022-02-09 11:45:51,880:finished processing file
INFO(8609093120)2022-02-09 11:45:51,882:--------------------------------------------------------
INFO(8609093120)2022-02-09 11:45:51,882:launch_workflow for file /private/var/folders/kg/8vg7l_kn7mj_706mwvy19dq00000gn/T/qiime2-archive-go3jb7je/d2083e36-6efc-4ed4-83e1-e5530a069815/data/12-22-20-gg-ng4_28_L001_R1_001.fastq.gz
INFO(8609093120)2022-02-09 11:45:56,242:dereplicate seqs file /private/var/folders/kg/8vg7l_kn7mj_706mwvy19dq00000gn/T/tmp_ba8m0sd/deblur_working_dir/12-22-20-gg-ng4_28_L001_R1_001.fastq.gz.trim
INFO(8609093120)2022-02-09 11:45:56,268:remove_artifacts_seqs file /private/var/folders/kg/8vg7l_kn7mj_706mwvy19dq00000gn/T/tmp_ba8m0sd/deblur_working_dir/12-22-20-gg-ng4_28_L001_R1_001.fastq.gz.trim.derep
INFO(8609093120)2022-02-09 11:45:56,610:total sequences 237, passing sequences 237, failing sequences 0
INFO(8609093120)2022-02-09 11:45:56,610:multiple_sequence_alignment seqs file /private/var/folders/kg/8vg7l_kn7mj_706mwvy19dq00000gn/T/tmp_ba8m0sd/deblur_working_dir/12-22-20-gg-ng4_28_L001_R1_001.fastq.gz.trim.derep.no_artifacts
INFO(8609093120)2022-02-09 11:46:00,720:deblurring 237 sequences
INFO(8609093120)2022-02-09 11:46:00,784:91 unique sequences left following deblurring
INFO(8609093120)2022-02-09 11:46:00,784:remove_chimeras_denovo_from_seqs seqs file /private/var/folders/kg/8vg7l_kn7mj_706mwvy19dq00000gn/T/tmp_ba8m0sd/deblur_working_dir/12-22-20-gg-ng4_28_L001_R1_001.fastq.gz.trim.derep.no_artifacts.msa.deblurto working dir /private/var/folders/kg/8vg7l_kn7mj_706mwvy19dq00000gn/T/tmp_ba8m0sd/deblur_working_dir
INFO(8609093120)2022-02-09 11:46:00,877:finished processing file
INFO(8609093120)2022-02-09 11:46:00,878:--------------------------------------------------------
INFO(8609093120)2022-02-09 11:46:00,878:launch_workflow for file /private/var/folders/kg/8vg7l_kn7mj_706mwvy19dq00000gn/T/qiime2-archive-go3jb7je/d2083e36-6efc-4ed4-83e1-e5530a069815/data/8-25-sc-ng2_56_L001_R1_001.fastq.gz
INFO(8609093120)2022-02-09 11:46:07,964:dereplicate seqs file /private/var/folders/kg/8vg7l_kn7mj_706mwvy19dq00000gn/T/tmp_ba8m0sd/deblur_working_dir/8-25-sc-ng2_56_L001_R1_001.fastq.gz.trim
INFO(8609093120)2022-02-09 11:46:08,057:remove_artifacts_seqs file /private/var/folders/kg/8vg7l_kn7mj_706mwvy19dq00000gn/T/tmp_ba8m0sd/deblur_working_dir/8-25-sc-ng2_56_L001_R1_001.fastq.gz.trim.derep
INFO(8609093120)2022-02-09 11:46:08,487:total sequences 2193, passing sequences 2193, failing sequences 0
INFO(8609093120)2022-02-09 11:46:08,487:multiple_sequence_alignment seqs file /private/var/folders/kg/8vg7l_kn7mj_706mwvy19dq00000gn/T/tmp_ba8m0sd/deblur_working_dir/8-25-sc-ng2_56_L001_R1_001.fastq.gz.trim.derep.no_artifacts
INFO(8609093120)2022-02-09 11:46:26,532:deblurring 2193 sequences
INFO(8609093120)2022-02-09 11:46:30,000:1135 unique sequences left following deblurring
INFO(8609093120)2022-02-09 11:46:30,011:remove_chimeras_denovo_from_seqs seqs file /private/var/folders/kg/8vg7l_kn7mj_706mwvy19dq00000gn/T/tmp_ba8m0sd/deblur_working_dir/8-25-sc-ng2_56_L001_R1_001.fastq.gz.trim.derep.no_artifacts.msa.deblurto working dir /private/var/folders/kg/8vg7l_kn7mj_706mwvy19dq00000gn/T/tmp_ba8m0sd/deblur_working_dir
INFO(8609093120)2022-02-09 11:46:31,059:finished processing file
INFO(8609093120)2022-02-09 11:46:31,062:--------------------------------------------------------
INFO(8609093120)2022-02-09 11:46:31,062:launch_workflow for file /private/var/folders/kg/8vg7l_kn7mj_706mwvy19dq00000gn/T/qiime2-archive-go3jb7je/d2083e36-6efc-4ed4-83e1-e5530a069815/data/8-21-gg-g2_31_L001_R1_001.fastq.gz
INFO(8609093120)2022-02-09 11:46:38,326:dereplicate seqs file /private/var/folders/kg/8vg7l_kn7mj_706mwvy19dq00000gn/T/tmp_ba8m0sd/deblur_working_dir/8-21-gg-g2_31_L001_R1_001.fastq.gz.trim
INFO(8609093120)2022-02-09 11:46:38,423:remove_artifacts_seqs file /private/var/folders/kg/8vg7l_kn7mj_706mwvy19dq00000gn/T/tmp_ba8m0sd/deblur_working_dir/8-21-gg-g2_31_L001_R1_001.fastq.gz.trim.derep
INFO(8609093120)2022-02-09 11:46:38,866:total sequences 2434, passing sequences 2434, failing sequences 0
INFO(8609093120)2022-02-09 11:46:38,866:multiple_sequence_alignment seqs file /private/var/folders/kg/8vg7l_kn7mj_706mwvy19dq00000gn/T/tmp_ba8m0sd/deblur_working_dir/8-21-gg-g2_31_L001_R1_001.fastq.gz.trim.derep.no_artifacts
INFO(8609093120)2022-02-09 11:46:58,993:deblurring 2434 sequences
INFO(8609093120)2022-02-09 11:47:01,417:798 unique sequences left following deblurring
INFO(8609093120)2022-02-09 11:47:01,424:remove_chimeras_denovo_from_seqs seqs file /private/var/folders/kg/8vg7l_kn7mj_706mwvy19dq00000gn/T/tmp_ba8m0sd/deblur_working_dir/8-21-gg-g2_31_L001_R1_001.fastq.gz.trim.derep.no_artifacts.msa.deblurto working dir /private/var/folders/kg/8vg7l_kn7mj_706mwvy19dq00000gn/T/tmp_ba8m0sd/deblur_working_dir
INFO(8609093120)2022-02-09 11:47:02,137:finished processing file
INFO(8609093120)2022-02-09 11:47:02,139:--------------------------------------------------------
INFO(8609093120)2022-02-09 11:47:02,139:launch_workflow for file /private/var/folders/kg/8vg7l_kn7mj_706mwvy19dq00000gn/T/qiime2-archive-go3jb7je/d2083e36-6efc-4ed4-83e1-e5530a069815/data/12-16-20-alki-g4_3_L001_R1_001.fastq.gz
INFO(8609093120)2022-02-09 11:47:08,105:dereplicate seqs file /private/var/folders/kg/8vg7l_kn7mj_706mwvy19dq00000gn/T/tmp_ba8m0sd/deblur_working_dir/12-16-20-alki-g4_3_L001_R1_001.fastq.gz.trim
INFO(8609093120)2022-02-09 11:47:08,126:remove_artifacts_seqs file /private/var/folders/kg/8vg7l_kn7mj_706mwvy19dq00000gn/T/tmp_ba8m0sd/deblur_working_dir/12-16-20-alki-g4_3_L001_R1_001.fastq.gz.trim.derep
INFO(8609093120)2022-02-09 11:47:08,458:total sequences 18, passing sequences 18, failing sequences 0
INFO(8609093120)2022-02-09 11:47:08,458:multiple_sequence_alignment seqs file /private/var/folders/kg/8vg7l_kn7mj_706mwvy19dq00000gn/T/tmp_ba8m0sd/deblur_working_dir/12-16-20-alki-g4_3_L001_R1_001.fastq.gz.trim.derep.no_artifacts
INFO(8609093120)2022-02-09 11:47:09,392:deblurring 18 sequences
INFO(8609093120)2022-02-09 11:47:09,393:13 unique sequences left following deblurring
INFO(8609093120)2022-02-09 11:47:09,393:remove_chimeras_denovo_from_seqs seqs file /private/var/folders/kg/8vg7l_kn7mj_706mwvy19dq00000gn/T/tmp_ba8m0sd/deblur_working_dir/12-16-20-alki-g4_3_L001_R1_001.fastq.gz.trim.derep.no_artifacts.msa.deblurto working dir /private/var/folders/kg/8vg7l_kn7mj_706mwvy19dq00000gn/T/tmp_ba8m0sd/deblur_working_dir
INFO(8609093120)2022-02-09 11:47:09,419:finished processing file
INFO(8609093120)2022-02-09 11:47:09,420:--------------------------------------------------------
INFO(8609093120)2022-02-09 11:47:09,420:launch_workflow for file /private/var/folders/kg/8vg7l_kn7mj_706mwvy19dq00000gn/T/qiime2-archive-go3jb7je/d2083e36-6efc-4ed4-83e1-e5530a069815/data/8-25-sc-ng5_58_L001_R1_001.fastq.gz
INFO(8609093120)2022-02-09 11:47:11,544:dereplicate seqs file /private/var/folders/kg/8vg7l_kn7mj_706mwvy19dq00000gn/T/tmp_ba8m0sd/deblur_working_dir/8-25-sc-ng5_58_L001_R1_001.fastq.gz.trim
INFO(8609093120)2022-02-09 11:47:11,584:remove_artifacts_seqs file /private/var/folders/kg/8vg7l_kn7mj_706mwvy19dq00000gn/T/tmp_ba8m0sd/deblur_working_dir/8-25-sc-ng5_58_L001_R1_001.fastq.gz.trim.derep
INFO(8609093120)2022-02-09 11:47:11,945:total sequences 643, passing sequences 643, failing sequences 0
INFO(8609093120)2022-02-09 11:47:11,945:multiple_sequence_alignment seqs file /private/var/folders/kg/8vg7l_kn7mj_706mwvy19dq00000gn/T/tmp_ba8m0sd/deblur_working_dir/8-25-sc-ng5_58_L001_R1_001.fastq.gz.trim.derep.no_artifacts
INFO(8609093120)2022-02-09 11:47:16,338:deblurring 643 sequences
INFO(8609093120)2022-02-09 11:47:16,650:396 unique sequences left following deblurring
INFO(8609093120)2022-02-09 11:47:16,652:remove_chimeras_denovo_from_seqs seqs file /private/var/folders/kg/8vg7l_kn7mj_706mwvy19dq00000gn/T/tmp_ba8m0sd/deblur_working_dir/8-25-sc-ng5_58_L001_R1_001.fastq.gz.trim.derep.no_artifacts.msa.deblurto working dir /private/var/folders/kg/8vg7l_kn7mj_706mwvy19dq00000gn/T/tmp_ba8m0sd/deblur_working_dir
INFO(8609093120)2022-02-09 11:47:17,000:finished processing file
INFO(8609093120)2022-02-09 11:47:17,001:--------------------------------------------------------
INFO(8609093120)2022-02-09 11:47:17,001:launch_workflow for file /private/var/folders/kg/8vg7l_kn7mj_706mwvy19dq00000gn/T/qiime2-archive-go3jb7je/d2083e36-6efc-4ed4-83e1-e5530a069815/data/8-25-alki-ng4_48_L001_R1_001.fastq.gz
INFO(8609093120)2022-02-09 11:47:20,836:dereplicate seqs file /private/var/folders/kg/8vg7l_kn7mj_706mwvy19dq00000gn/T/tmp_ba8m0sd/deblur_working_dir/8-25-alki-ng4_48_L001_R1_001.fastq.gz.trim
INFO(8609093120)2022-02-09 11:47:20,895:remove_artifacts_seqs file /private/var/folders/kg/8vg7l_kn7mj_706mwvy19dq00000gn/T/tmp_ba8m0sd/deblur_working_dir/8-25-alki-ng4_48_L001_R1_001.fastq.gz.trim.derep
INFO(8609093120)2022-02-09 11:47:21,289:total sequences 1354, passing sequences 1354, failing sequences 0
INFO(8609093120)2022-02-09 11:47:21,289:multiple_sequence_alignment seqs file /private/var/folders/kg/8vg7l_kn7mj_706mwvy19dq00000gn/T/tmp_ba8m0sd/deblur_working_dir/8-25-alki-ng4_48_L001_R1_001.fastq.gz.trim.derep.no_artifacts
INFO(8609093120)2022-02-09 11:47:30,976:deblurring 1354 sequences
INFO(8609093120)2022-02-09 11:47:31,964:612 unique sequences left following deblurring
INFO(8609093120)2022-02-09 11:47:31,968:remove_chimeras_denovo_from_seqs seqs file /private/var/folders/kg/8vg7l_kn7mj_706mwvy19dq00000gn/T/tmp_ba8m0sd/deblur_working_dir/8-25-alki-ng4_48_L001_R1_001.fastq.gz.trim.derep.no_artifacts.msa.deblurto working dir /private/var/folders/kg/8vg7l_kn7mj_706mwvy19dq00000gn/T/tmp_ba8m0sd/deblur_working_dir
INFO(8609093120)2022-02-09 11:47:32,508:finished processing file
INFO(8609093120)2022-02-09 11:47:32,510:--------------------------------------------------------
INFO(8609093120)2022-02-09 11:47:32,510:launch_workflow for file /private/var/folders/kg/8vg7l_kn7mj_706mwvy19dq00000gn/T/qiime2-archive-go3jb7je/d2083e36-6efc-4ed4-83e1-e5530a069815/data/12-22-20-gg-ng1_25_L001_R1_001.fastq.gz
INFO(8609093120)2022-02-09 11:47:36,678:dereplicate seqs file /private/var/folders/kg/8vg7l_kn7mj_706mwvy19dq00000gn/T/tmp_ba8m0sd/deblur_working_dir/12-22-20-gg-ng1_25_L001_R1_001.fastq.gz.trim
INFO(8609093120)2022-02-09 11:47:36,699:remove_artifacts_seqs file /private/var/folders/kg/8vg7l_kn7mj_706mwvy19dq00000gn/T/tmp_ba8m0sd/deblur_working_dir/12-22-20-gg-ng1_25_L001_R1_001.fastq.gz.trim.derep
INFO(8609093120)2022-02-09 11:47:37,030:total sequences 35, passing sequences 35, failing sequences 0
INFO(8609093120)2022-02-09 11:47:37,030:multiple_sequence_alignment seqs file /private/var/folders/kg/8vg7l_kn7mj_706mwvy19dq00000gn/T/tmp_ba8m0sd/deblur_working_dir/12-22-20-gg-ng1_25_L001_R1_001.fastq.gz.trim.derep.no_artifacts
INFO(8609093120)2022-02-09 11:47:39,373:deblurring 35 sequences
INFO(8609093120)2022-02-09 11:47:39,377:28 unique sequences left following deblurring
INFO(8609093120)2022-02-09 11:47:39,377:remove_chimeras_denovo_from_seqs seqs file /private/var/folders/kg/8vg7l_kn7mj_706mwvy19dq00000gn/T/tmp_ba8m0sd/deblur_working_dir/12-22-20-gg-ng1_25_L001_R1_001.fastq.gz.trim.derep.no_artifacts.msa.deblurto working dir /private/var/folders/kg/8vg7l_kn7mj_706mwvy19dq00000gn/T/tmp_ba8m0sd/deblur_working_dir
INFO(8609093120)2022-02-09 11:47:39,413:finished processing file
INFO(8609093120)2022-02-09 11:47:39,414:--------------------------------------------------------
INFO(8609093120)2022-02-09 11:47:39,414:launch_workflow for file /private/var/folders/kg/8vg7l_kn7mj_706mwvy19dq00000gn/T/qiime2-archive-go3jb7je/d2083e36-6efc-4ed4-83e1-e5530a069815/data/8-21-gg-ng4_38_L001_R1_001.fastq.gz
INFO(8609093120)2022-02-09 11:47:45,005:dereplicate seqs file /private/var/folders/kg/8vg7l_kn7mj_706mwvy19dq00000gn/T/tmp_ba8m0sd/deblur_working_dir/8-21-gg-ng4_38_L001_R1_001.fastq.gz.trim
INFO(8609093120)2022-02-09 11:47:45,081:remove_artifacts_seqs file /private/var/folders/kg/8vg7l_kn7mj_706mwvy19dq00000gn/T/tmp_ba8m0sd/deblur_working_dir/8-21-gg-ng4_38_L001_R1_001.fastq.gz.trim.derep
INFO(8609093120)2022-02-09 11:47:45,491:total sequences 1784, passing sequences 1784, failing sequences 0
INFO(8609093120)2022-02-09 11:47:45,491:multiple_sequence_alignment seqs file /private/var/folders/kg/8vg7l_kn7mj_706mwvy19dq00000gn/T/tmp_ba8m0sd/deblur_working_dir/8-21-gg-ng4_38_L001_R1_001.fastq.gz.trim.derep.no_artifacts
INFO(8609093120)2022-02-09 11:47:58,824:deblurring 1784 sequences
INFO(8609093120)2022-02-09 11:48:00,239:632 unique sequences left following deblurring
INFO(8609093120)2022-02-09 11:48:00,243:remove_chimeras_denovo_from_seqs seqs file /private/var/folders/kg/8vg7l_kn7mj_706mwvy19dq00000gn/T/tmp_ba8m0sd/deblur_working_dir/8-21-gg-ng4_38_L001_R1_001.fastq.gz.trim.derep.no_artifacts.msa.deblurto working dir /private/var/folders/kg/8vg7l_kn7mj_706mwvy19dq00000gn/T/tmp_ba8m0sd/deblur_working_dir
INFO(8609093120)2022-02-09 11:48:00,801:finished processing file
INFO(8609093120)2022-02-09 11:48:00,803:--------------------------------------------------------
INFO(8609093120)2022-02-09 11:48:00,803:launch_workflow for file /private/var/folders/kg/8vg7l_kn7mj_706mwvy19dq00000gn/T/qiime2-archive-go3jb7je/d2083e36-6efc-4ed4-83e1-e5530a069815/data/12-16-20-alki-ng3_7_L001_R1_001.fastq.gz
INFO(8609093120)2022-02-09 11:48:08,320:dereplicate seqs file /private/var/folders/kg/8vg7l_kn7mj_706mwvy19dq00000gn/T/tmp_ba8m0sd/deblur_working_dir/12-16-20-alki-ng3_7_L001_R1_001.fastq.gz.trim
INFO(8609093120)2022-02-09 11:48:08,340:remove_artifacts_seqs file /private/var/folders/kg/8vg7l_kn7mj_706mwvy19dq00000gn/T/tmp_ba8m0sd/deblur_working_dir/12-16-20-alki-ng3_7_L001_R1_001.fastq.gz.trim.derep
INFO(8609093120)2022-02-09 11:48:08,672:total sequences 17, passing sequences 17, failing sequences 0
INFO(8609093120)2022-02-09 11:48:08,672:multiple_sequence_alignment seqs file /private/var/folders/kg/8vg7l_kn7mj_706mwvy19dq00000gn/T/tmp_ba8m0sd/deblur_working_dir/12-16-20-alki-ng3_7_L001_R1_001.fastq.gz.trim.derep.no_artifacts
INFO(8609093120)2022-02-09 11:48:09,541:deblurring 17 sequences
INFO(8609093120)2022-02-09 11:48:09,542:9 unique sequences left following deblurring
INFO(8609093120)2022-02-09 11:48:09,542:remove_chimeras_denovo_from_seqs seqs file /private/var/folders/kg/8vg7l_kn7mj_706mwvy19dq00000gn/T/tmp_ba8m0sd/deblur_working_dir/12-16-20-alki-ng3_7_L001_R1_001.fastq.gz.trim.derep.no_artifacts.msa.deblurto working dir /private/var/folders/kg/8vg7l_kn7mj_706mwvy19dq00000gn/T/tmp_ba8m0sd/deblur_working_dir
INFO(8609093120)2022-02-09 11:48:09,564:finished processing file
INFO(8609093120)2022-02-09 11:48:09,565:--------------------------------------------------------
INFO(8609093120)2022-02-09 11:48:09,565:launch_workflow for file /private/var/folders/kg/8vg7l_kn7mj_706mwvy19dq00000gn/T/qiime2-archive-go3jb7je/d2083e36-6efc-4ed4-83e1-e5530a069815/data/12-16-20-alki-ng4_8_L001_R1_001.fastq.gz
INFO(8609093120)2022-02-09 11:48:15,626:dereplicate seqs file /private/var/folders/kg/8vg7l_kn7mj_706mwvy19dq00000gn/T/tmp_ba8m0sd/deblur_working_dir/12-16-20-alki-ng4_8_L001_R1_001.fastq.gz.trim
INFO(8609093120)2022-02-09 11:48:15,648:remove_artifacts_seqs file /private/var/folders/kg/8vg7l_kn7mj_706mwvy19dq00000gn/T/tmp_ba8m0sd/deblur_working_dir/12-16-20-alki-ng4_8_L001_R1_001.fastq.gz.trim.derep
INFO(8609093120)2022-02-09 11:48:15,982:total sequences 36, passing sequences 36, failing sequences 0
INFO(8609093120)2022-02-09 11:48:15,982:multiple_sequence_alignment seqs file /private/var/folders/kg/8vg7l_kn7mj_706mwvy19dq00000gn/T/tmp_ba8m0sd/deblur_working_dir/12-16-20-alki-ng4_8_L001_R1_001.fastq.gz.trim.derep.no_artifacts
INFO(8609093120)2022-02-09 11:48:18,475:deblurring 36 sequences
INFO(8609093120)2022-02-09 11:48:18,477:12 unique sequences left following deblurring
INFO(8609093120)2022-02-09 11:48:18,478:remove_chimeras_denovo_from_seqs seqs file /private/var/folders/kg/8vg7l_kn7mj_706mwvy19dq00000gn/T/tmp_ba8m0sd/deblur_working_dir/12-16-20-alki-ng4_8_L001_R1_001.fastq.gz.trim.derep.no_artifacts.msa.deblurto working dir /private/var/folders/kg/8vg7l_kn7mj_706mwvy19dq00000gn/T/tmp_ba8m0sd/deblur_working_dir
INFO(8609093120)2022-02-09 11:48:18,503:finished processing file
INFO(8609093120)2022-02-09 11:48:18,503:--------------------------------------------------------
INFO(8609093120)2022-02-09 11:48:18,503:launch_workflow for file /private/var/folders/kg/8vg7l_kn7mj_706mwvy19dq00000gn/T/qiime2-archive-go3jb7je/d2083e36-6efc-4ed4-83e1-e5530a069815/data/12-18-20-sc-ng2_16_L001_R1_001.fastq.gz
INFO(8609093120)2022-02-09 11:48:24,077:dereplicate seqs file /private/var/folders/kg/8vg7l_kn7mj_706mwvy19dq00000gn/T/tmp_ba8m0sd/deblur_working_dir/12-18-20-sc-ng2_16_L001_R1_001.fastq.gz.trim
INFO(8609093120)2022-02-09 11:48:24,099:remove_artifacts_seqs file /private/var/folders/kg/8vg7l_kn7mj_706mwvy19dq00000gn/T/tmp_ba8m0sd/deblur_working_dir/12-18-20-sc-ng2_16_L001_R1_001.fastq.gz.trim.derep
INFO(8609093120)2022-02-09 11:48:24,434:total sequences 67, passing sequences 67, failing sequences 0
INFO(8609093120)2022-02-09 11:48:24,435:multiple_sequence_alignment seqs file /private/var/folders/kg/8vg7l_kn7mj_706mwvy19dq00000gn/T/tmp_ba8m0sd/deblur_working_dir/12-18-20-sc-ng2_16_L001_R1_001.fastq.gz.trim.derep.no_artifacts
INFO(8609093120)2022-02-09 11:48:31,451:deblurring 67 sequences
INFO(8609093120)2022-02-09 11:48:31,458:29 unique sequences left following deblurring
INFO(8609093120)2022-02-09 11:48:31,458:remove_chimeras_denovo_from_seqs seqs file /private/var/folders/kg/8vg7l_kn7mj_706mwvy19dq00000gn/T/tmp_ba8m0sd/deblur_working_dir/12-18-20-sc-ng2_16_L001_R1_001.fastq.gz.trim.derep.no_artifacts.msa.deblurto working dir /private/var/folders/kg/8vg7l_kn7mj_706mwvy19dq00000gn/T/tmp_ba8m0sd/deblur_working_dir
INFO(8609093120)2022-02-09 11:48:31,495:finished processing file
INFO(8609093120)2022-02-09 11:48:31,495:--------------------------------------------------------
INFO(8609093120)2022-02-09 11:48:31,496:launch_workflow for file /private/var/folders/kg/8vg7l_kn7mj_706mwvy19dq00000gn/T/qiime2-archive-go3jb7je/d2083e36-6efc-4ed4-83e1-e5530a069815/data/12-22-20-gg-ng3_27_L001_R1_001.fastq.gz
INFO(8609093120)2022-02-09 11:48:36,964:dereplicate seqs file /private/var/folders/kg/8vg7l_kn7mj_706mwvy19dq00000gn/T/tmp_ba8m0sd/deblur_working_dir/12-22-20-gg-ng3_27_L001_R1_001.fastq.gz.trim
INFO(8609093120)2022-02-09 11:48:37,008:remove_artifacts_seqs file /private/var/folders/kg/8vg7l_kn7mj_706mwvy19dq00000gn/T/tmp_ba8m0sd/deblur_working_dir/12-22-20-gg-ng3_27_L001_R1_001.fastq.gz.trim.derep
INFO(8609093120)2022-02-09 11:48:37,386:total sequences 950, passing sequences 950, failing sequences 0
INFO(8609093120)2022-02-09 11:48:37,386:multiple_sequence_alignment seqs file /private/var/folders/kg/8vg7l_kn7mj_706mwvy19dq00000gn/T/tmp_ba8m0sd/deblur_working_dir/12-22-20-gg-ng3_27_L001_R1_001.fastq.gz.trim.derep.no_artifacts
INFO(8609093120)2022-02-09 11:48:43,637:deblurring 950 sequences
INFO(8609093120)2022-02-09 11:48:43,884:164 unique sequences left following deblurring
INFO(8609093120)2022-02-09 11:48:43,885:remove_chimeras_denovo_from_seqs seqs file /private/var/folders/kg/8vg7l_kn7mj_706mwvy19dq00000gn/T/tmp_ba8m0sd/deblur_working_dir/12-22-20-gg-ng3_27_L001_R1_001.fastq.gz.trim.derep.no_artifacts.msa.deblurto working dir /private/var/folders/kg/8vg7l_kn7mj_706mwvy19dq00000gn/T/tmp_ba8m0sd/deblur_working_dir
INFO(8609093120)2022-02-09 11:48:44,039:finished processing file
INFO(8609093120)2022-02-09 11:48:44,040:--------------------------------------------------------
INFO(8609093120)2022-02-09 11:48:44,040:launch_workflow for file /private/var/folders/kg/8vg7l_kn7mj_706mwvy19dq00000gn/T/qiime2-archive-go3jb7je/d2083e36-6efc-4ed4-83e1-e5530a069815/data/8-21-gg-g3_32_L001_R1_001.fastq.gz
INFO(8609093120)2022-02-09 11:48:51,794:dereplicate seqs file /private/var/folders/kg/8vg7l_kn7mj_706mwvy19dq00000gn/T/tmp_ba8m0sd/deblur_working_dir/8-21-gg-g3_32_L001_R1_001.fastq.gz.trim
INFO(8609093120)2022-02-09 11:48:51,894:remove_artifacts_seqs file /private/var/folders/kg/8vg7l_kn7mj_706mwvy19dq00000gn/T/tmp_ba8m0sd/deblur_working_dir/8-21-gg-g3_32_L001_R1_001.fastq.gz.trim.derep
INFO(8609093120)2022-02-09 11:48:52,345:total sequences 2550, passing sequences 2550, failing sequences 0
INFO(8609093120)2022-02-09 11:48:52,346:multiple_sequence_alignment seqs file /private/var/folders/kg/8vg7l_kn7mj_706mwvy19dq00000gn/T/tmp_ba8m0sd/deblur_working_dir/8-21-gg-g3_32_L001_R1_001.fastq.gz.trim.derep.no_artifacts
INFO(8609093120)2022-02-09 11:49:13,753:deblurring 2550 sequences
INFO(8609093120)2022-02-09 11:49:16,430:840 unique sequences left following deblurring
INFO(8609093120)2022-02-09 11:49:16,436:remove_chimeras_denovo_from_seqs seqs file /private/var/folders/kg/8vg7l_kn7mj_706mwvy19dq00000gn/T/tmp_ba8m0sd/deblur_working_dir/8-21-gg-g3_32_L001_R1_001.fastq.gz.trim.derep.no_artifacts.msa.deblurto working dir /private/var/folders/kg/8vg7l_kn7mj_706mwvy19dq00000gn/T/tmp_ba8m0sd/deblur_working_dir
INFO(8609093120)2022-02-09 11:49:17,190:finished processing file
INFO(8609093120)2022-02-09 11:49:17,192:--------------------------------------------------------
INFO(8609093120)2022-02-09 11:49:17,192:launch_workflow for file /private/var/folders/kg/8vg7l_kn7mj_706mwvy19dq00000gn/T/qiime2-archive-go3jb7je/d2083e36-6efc-4ed4-83e1-e5530a069815/data/12-16-20-alki-ng5_9_L001_R1_001.fastq.gz
INFO(8609093120)2022-02-09 11:49:20,924:dereplicate seqs file /private/var/folders/kg/8vg7l_kn7mj_706mwvy19dq00000gn/T/tmp_ba8m0sd/deblur_working_dir/12-16-20-alki-ng5_9_L001_R1_001.fastq.gz.trim
INFO(8609093120)2022-02-09 11:49:20,948:remove_artifacts_seqs file /private/var/folders/kg/8vg7l_kn7mj_706mwvy19dq00000gn/T/tmp_ba8m0sd/deblur_working_dir/12-16-20-alki-ng5_9_L001_R1_001.fastq.gz.trim.derep
INFO(8609093120)2022-02-09 11:49:21,285:total sequences 122, passing sequences 122, failing sequences 0
INFO(8609093120)2022-02-09 11:49:21,286:multiple_sequence_alignment seqs file /private/var/folders/kg/8vg7l_kn7mj_706mwvy19dq00000gn/T/tmp_ba8m0sd/deblur_working_dir/12-16-20-alki-ng5_9_L001_R1_001.fastq.gz.trim.derep.no_artifacts
INFO(8609093120)2022-02-09 11:49:43,122:deblurring 122 sequences
INFO(8609093120)2022-02-09 11:49:43,136:39 unique sequences left following deblurring
INFO(8609093120)2022-02-09 11:49:43,136:remove_chimeras_denovo_from_seqs seqs file /private/var/folders/kg/8vg7l_kn7mj_706mwvy19dq00000gn/T/tmp_ba8m0sd/deblur_working_dir/12-16-20-alki-ng5_9_L001_R1_001.fastq.gz.trim.derep.no_artifacts.msa.deblurto working dir /private/var/folders/kg/8vg7l_kn7mj_706mwvy19dq00000gn/T/tmp_ba8m0sd/deblur_working_dir
INFO(8609093120)2022-02-09 11:49:43,183:finished processing file
INFO(8609093120)2022-02-09 11:49:43,184:--------------------------------------------------------
INFO(8609093120)2022-02-09 11:49:43,184:launch_workflow for file /private/var/folders/kg/8vg7l_kn7mj_706mwvy19dq00000gn/T/qiime2-archive-go3jb7je/d2083e36-6efc-4ed4-83e1-e5530a069815/data/8-21-gg-ng1_35_L001_R1_001.fastq.gz
INFO(8609093120)2022-02-09 11:49:51,202:dereplicate seqs file /private/var/folders/kg/8vg7l_kn7mj_706mwvy19dq00000gn/T/tmp_ba8m0sd/deblur_working_dir/8-21-gg-ng1_35_L001_R1_001.fastq.gz.trim
INFO(8609093120)2022-02-09 11:49:51,289:remove_artifacts_seqs file /private/var/folders/kg/8vg7l_kn7mj_706mwvy19dq00000gn/T/tmp_ba8m0sd/deblur_working_dir/8-21-gg-ng1_35_L001_R1_001.fastq.gz.trim.derep
INFO(8609093120)2022-02-09 11:49:51,714:total sequences 2099, passing sequences 2099, failing sequences 0
INFO(8609093120)2022-02-09 11:49:51,714:multiple_sequence_alignment seqs file /private/var/folders/kg/8vg7l_kn7mj_706mwvy19dq00000gn/T/tmp_ba8m0sd/deblur_working_dir/8-21-gg-ng1_35_L001_R1_001.fastq.gz.trim.derep.no_artifacts
INFO(8609093120)2022-02-09 11:50:08,547:deblurring 2099 sequences
INFO(8609093120)2022-02-09 11:50:10,035:554 unique sequences left following deblurring
INFO(8609093120)2022-02-09 11:50:10,039:remove_chimeras_denovo_from_seqs seqs file /private/var/folders/kg/8vg7l_kn7mj_706mwvy19dq00000gn/T/tmp_ba8m0sd/deblur_working_dir/8-21-gg-ng1_35_L001_R1_001.fastq.gz.trim.derep.no_artifacts.msa.deblurto working dir /private/var/folders/kg/8vg7l_kn7mj_706mwvy19dq00000gn/T/tmp_ba8m0sd/deblur_working_dir
INFO(8609093120)2022-02-09 11:50:10,537:finished processing file
INFO(8609093120)2022-02-09 11:50:10,539:--------------------------------------------------------
INFO(8609093120)2022-02-09 11:50:10,539:launch_workflow for file /private/var/folders/kg/8vg7l_kn7mj_706mwvy19dq00000gn/T/qiime2-archive-go3jb7je/d2083e36-6efc-4ed4-83e1-e5530a069815/data/8-21-gg-g4_33_L001_R1_001.fastq.gz
INFO(8609093120)2022-02-09 11:50:17,161:dereplicate seqs file /private/var/folders/kg/8vg7l_kn7mj_706mwvy19dq00000gn/T/tmp_ba8m0sd/deblur_working_dir/8-21-gg-g4_33_L001_R1_001.fastq.gz.trim
INFO(8609093120)2022-02-09 11:50:17,250:remove_artifacts_seqs file /private/var/folders/kg/8vg7l_kn7mj_706mwvy19dq00000gn/T/tmp_ba8m0sd/deblur_working_dir/8-21-gg-g4_33_L001_R1_001.fastq.gz.trim.derep
INFO(8609093120)2022-02-09 11:50:17,683:total sequences 2172, passing sequences 2172, failing sequences 0
INFO(8609093120)2022-02-09 11:50:17,683:multiple_sequence_alignment seqs file /private/var/folders/kg/8vg7l_kn7mj_706mwvy19dq00000gn/T/tmp_ba8m0sd/deblur_working_dir/8-21-gg-g4_33_L001_R1_001.fastq.gz.trim.derep.no_artifacts
INFO(8609093120)2022-02-09 11:50:35,148:deblurring 2172 sequences
INFO(8609093120)2022-02-09 11:50:36,338:410 unique sequences left following deblurring
INFO(8609093120)2022-02-09 11:50:36,341:remove_chimeras_denovo_from_seqs seqs file /private/var/folders/kg/8vg7l_kn7mj_706mwvy19dq00000gn/T/tmp_ba8m0sd/deblur_working_dir/8-21-gg-g4_33_L001_R1_001.fastq.gz.trim.derep.no_artifacts.msa.deblurto working dir /private/var/folders/kg/8vg7l_kn7mj_706mwvy19dq00000gn/T/tmp_ba8m0sd/deblur_working_dir
INFO(8609093120)2022-02-09 11:50:36,698:finished processing file
INFO(8609093120)2022-02-09 11:50:36,700:--------------------------------------------------------
INFO(8609093120)2022-02-09 11:50:36,700:launch_workflow for file /private/var/folders/kg/8vg7l_kn7mj_706mwvy19dq00000gn/T/qiime2-archive-go3jb7je/d2083e36-6efc-4ed4-83e1-e5530a069815/data/12-16-20-alki-ng2_6_L001_R1_001.fastq.gz
INFO(8609093120)2022-02-09 11:50:41,861:dereplicate seqs file /private/var/folders/kg/8vg7l_kn7mj_706mwvy19dq00000gn/T/tmp_ba8m0sd/deblur_working_dir/12-16-20-alki-ng2_6_L001_R1_001.fastq.gz.trim
INFO(8609093120)2022-02-09 11:50:41,883:remove_artifacts_seqs file /private/var/folders/kg/8vg7l_kn7mj_706mwvy19dq00000gn/T/tmp_ba8m0sd/deblur_working_dir/12-16-20-alki-ng2_6_L001_R1_001.fastq.gz.trim.derep
INFO(8609093120)2022-02-09 11:50:42,216:total sequences 38, passing sequences 38, failing sequences 0
INFO(8609093120)2022-02-09 11:50:42,217:multiple_sequence_alignment seqs file /private/var/folders/kg/8vg7l_kn7mj_706mwvy19dq00000gn/T/tmp_ba8m0sd/deblur_working_dir/12-16-20-alki-ng2_6_L001_R1_001.fastq.gz.trim.derep.no_artifacts
INFO(8609093120)2022-02-09 11:50:44,787:deblurring 38 sequences
INFO(8609093120)2022-02-09 11:50:44,790:26 unique sequences left following deblurring
INFO(8609093120)2022-02-09 11:50:44,790:remove_chimeras_denovo_from_seqs seqs file /private/var/folders/kg/8vg7l_kn7mj_706mwvy19dq00000gn/T/tmp_ba8m0sd/deblur_working_dir/12-16-20-alki-ng2_6_L001_R1_001.fastq.gz.trim.derep.no_artifacts.msa.deblurto working dir /private/var/folders/kg/8vg7l_kn7mj_706mwvy19dq00000gn/T/tmp_ba8m0sd/deblur_working_dir
INFO(8609093120)2022-02-09 11:50:44,826:finished processing file
INFO(8609093120)2022-02-09 11:50:44,826:--------------------------------------------------------
INFO(8609093120)2022-02-09 11:50:44,826:launch_workflow for file /private/var/folders/kg/8vg7l_kn7mj_706mwvy19dq00000gn/T/qiime2-archive-go3jb7je/d2083e36-6efc-4ed4-83e1-e5530a069815/data/8-25-alki-ng3_47_L001_R1_001.fastq.gz
INFO(8609093120)2022-02-09 11:50:51,738:dereplicate seqs file /private/var/folders/kg/8vg7l_kn7mj_706mwvy19dq00000gn/T/tmp_ba8m0sd/deblur_working_dir/8-25-alki-ng3_47_L001_R1_001.fastq.gz.trim
INFO(8609093120)2022-02-09 11:50:51,827:remove_artifacts_seqs file /private/var/folders/kg/8vg7l_kn7mj_706mwvy19dq00000gn/T/tmp_ba8m0sd/deblur_working_dir/8-25-alki-ng3_47_L001_R1_001.fastq.gz.trim.derep
INFO(8609093120)2022-02-09 11:50:52,268:total sequences 2448, passing sequences 2448, failing sequences 0
INFO(8609093120)2022-02-09 11:50:52,268:multiple_sequence_alignment seqs file /private/var/folders/kg/8vg7l_kn7mj_706mwvy19dq00000gn/T/tmp_ba8m0sd/deblur_working_dir/8-25-alki-ng3_47_L001_R1_001.fastq.gz.trim.derep.no_artifacts
INFO(8609093120)2022-02-09 11:51:12,879:deblurring 2448 sequences
INFO(8609093120)2022-02-09 11:51:14,678:600 unique sequences left following deblurring
INFO(8609093120)2022-02-09 11:51:14,682:remove_chimeras_denovo_from_seqs seqs file /private/var/folders/kg/8vg7l_kn7mj_706mwvy19dq00000gn/T/tmp_ba8m0sd/deblur_working_dir/8-25-alki-ng3_47_L001_R1_001.fastq.gz.trim.derep.no_artifacts.msa.deblurto working dir /private/var/folders/kg/8vg7l_kn7mj_706mwvy19dq00000gn/T/tmp_ba8m0sd/deblur_working_dir
INFO(8609093120)2022-02-09 11:51:15,207:finished processing file
INFO(8609093120)2022-02-09 11:51:15,209:--------------------------------------------------------
INFO(8609093120)2022-02-09 11:51:15,209:launch_workflow for file /private/var/folders/kg/8vg7l_kn7mj_706mwvy19dq00000gn/T/qiime2-archive-go3jb7je/d2083e36-6efc-4ed4-83e1-e5530a069815/data/12-16-20-alki-g3_2_L001_R1_001.fastq.gz
INFO(8609093120)2022-02-09 11:51:19,349:dereplicate seqs file /private/var/folders/kg/8vg7l_kn7mj_706mwvy19dq00000gn/T/tmp_ba8m0sd/deblur_working_dir/12-16-20-alki-g3_2_L001_R1_001.fastq.gz.trim
INFO(8609093120)2022-02-09 11:51:19,370:remove_artifacts_seqs file /private/var/folders/kg/8vg7l_kn7mj_706mwvy19dq00000gn/T/tmp_ba8m0sd/deblur_working_dir/12-16-20-alki-g3_2_L001_R1_001.fastq.gz.trim.derep
INFO(8609093120)2022-02-09 11:51:19,702:total sequences 41, passing sequences 41, failing sequences 0
INFO(8609093120)2022-02-09 11:51:19,702:multiple_sequence_alignment seqs file /private/var/folders/kg/8vg7l_kn7mj_706mwvy19dq00000gn/T/tmp_ba8m0sd/deblur_working_dir/12-16-20-alki-g3_2_L001_R1_001.fastq.gz.trim.derep.no_artifacts
INFO(8609093120)2022-02-09 11:51:22,636:deblurring 41 sequences
INFO(8609093120)2022-02-09 11:51:22,639:19 unique sequences left following deblurring
INFO(8609093120)2022-02-09 11:51:22,639:remove_chimeras_denovo_from_seqs seqs file /private/var/folders/kg/8vg7l_kn7mj_706mwvy19dq00000gn/T/tmp_ba8m0sd/deblur_working_dir/12-16-20-alki-g3_2_L001_R1_001.fastq.gz.trim.derep.no_artifacts.msa.deblurto working dir /private/var/folders/kg/8vg7l_kn7mj_706mwvy19dq00000gn/T/tmp_ba8m0sd/deblur_working_dir
INFO(8609093120)2022-02-09 11:51:22,668:finished processing file
INFO(8609093120)2022-02-09 11:51:22,668:--------------------------------------------------------
INFO(8609093120)2022-02-09 11:51:22,668:launch_workflow for file /private/var/folders/kg/8vg7l_kn7mj_706mwvy19dq00000gn/T/qiime2-archive-go3jb7je/d2083e36-6efc-4ed4-83e1-e5530a069815/data/8-21-gg-g5_34_L001_R1_001.fastq.gz
INFO(8609093120)2022-02-09 11:51:29,710:dereplicate seqs file /private/var/folders/kg/8vg7l_kn7mj_706mwvy19dq00000gn/T/tmp_ba8m0sd/deblur_working_dir/8-21-gg-g5_34_L001_R1_001.fastq.gz.trim
INFO(8609093120)2022-02-09 11:51:29,802:remove_artifacts_seqs file /private/var/folders/kg/8vg7l_kn7mj_706mwvy19dq00000gn/T/tmp_ba8m0sd/deblur_working_dir/8-21-gg-g5_34_L001_R1_001.fastq.gz.trim.derep
INFO(8609093120)2022-02-09 11:51:30,248:total sequences 2410, passing sequences 2410, failing sequences 0
INFO(8609093120)2022-02-09 11:51:30,249:multiple_sequence_alignment seqs file /private/var/folders/kg/8vg7l_kn7mj_706mwvy19dq00000gn/T/tmp_ba8m0sd/deblur_working_dir/8-21-gg-g5_34_L001_R1_001.fastq.gz.trim.derep.no_artifacts
INFO(8609093120)2022-02-09 11:51:50,082:deblurring 2410 sequences
INFO(8609093120)2022-02-09 11:51:52,542:831 unique sequences left following deblurring
INFO(8609093120)2022-02-09 11:51:52,548:remove_chimeras_denovo_from_seqs seqs file /private/var/folders/kg/8vg7l_kn7mj_706mwvy19dq00000gn/T/tmp_ba8m0sd/deblur_working_dir/8-21-gg-g5_34_L001_R1_001.fastq.gz.trim.derep.no_artifacts.msa.deblurto working dir /private/var/folders/kg/8vg7l_kn7mj_706mwvy19dq00000gn/T/tmp_ba8m0sd/deblur_working_dir
INFO(8609093120)2022-02-09 11:51:53,288:finished processing file
INFO(8609093120)2022-02-09 11:51:53,290:--------------------------------------------------------
INFO(8609093120)2022-02-09 11:51:53,290:launch_workflow for file /private/var/folders/kg/8vg7l_kn7mj_706mwvy19dq00000gn/T/qiime2-archive-go3jb7je/d2083e36-6efc-4ed4-83e1-e5530a069815/data/8-25-alki-g2_41_L001_R1_001.fastq.gz
INFO(8609093120)2022-02-09 11:52:01,089:dereplicate seqs file /private/var/folders/kg/8vg7l_kn7mj_706mwvy19dq00000gn/T/tmp_ba8m0sd/deblur_working_dir/8-25-alki-g2_41_L001_R1_001.fastq.gz.trim
INFO(8609093120)2022-02-09 11:52:01,191:remove_artifacts_seqs file /private/var/folders/kg/8vg7l_kn7mj_706mwvy19dq00000gn/T/tmp_ba8m0sd/deblur_working_dir/8-25-alki-g2_41_L001_R1_001.fastq.gz.trim.derep
INFO(8609093120)2022-02-09 11:52:01,660:total sequences 2747, passing sequences 2747, failing sequences 0
INFO(8609093120)2022-02-09 11:52:01,660:multiple_sequence_alignment seqs file /private/var/folders/kg/8vg7l_kn7mj_706mwvy19dq00000gn/T/tmp_ba8m0sd/deblur_working_dir/8-25-alki-g2_41_L001_R1_001.fastq.gz.trim.derep.no_artifacts
INFO(8609093120)2022-02-09 11:52:25,573:deblurring 2747 sequences
INFO(8609093120)2022-02-09 11:52:28,733:943 unique sequences left following deblurring
INFO(8609093120)2022-02-09 11:52:28,740:remove_chimeras_denovo_from_seqs seqs file /private/var/folders/kg/8vg7l_kn7mj_706mwvy19dq00000gn/T/tmp_ba8m0sd/deblur_working_dir/8-25-alki-g2_41_L001_R1_001.fastq.gz.trim.derep.no_artifacts.msa.deblurto working dir /private/var/folders/kg/8vg7l_kn7mj_706mwvy19dq00000gn/T/tmp_ba8m0sd/deblur_working_dir
INFO(8609093120)2022-02-09 11:52:29,592:finished processing file
INFO(8609093120)2022-02-09 11:52:29,595:--------------------------------------------------------
INFO(8609093120)2022-02-09 11:52:29,595:launch_workflow for file /private/var/folders/kg/8vg7l_kn7mj_706mwvy19dq00000gn/T/qiime2-archive-go3jb7je/d2083e36-6efc-4ed4-83e1-e5530a069815/data/12-18-20-sc-g4_13_L001_R1_001.fastq.gz
INFO(8609093120)2022-02-09 11:52:36,767:dereplicate seqs file /private/var/folders/kg/8vg7l_kn7mj_706mwvy19dq00000gn/T/tmp_ba8m0sd/deblur_working_dir/12-18-20-sc-g4_13_L001_R1_001.fastq.gz.trim
INFO(8609093120)2022-02-09 11:52:36,790:remove_artifacts_seqs file /private/var/folders/kg/8vg7l_kn7mj_706mwvy19dq00000gn/T/tmp_ba8m0sd/deblur_working_dir/12-18-20-sc-g4_13_L001_R1_001.fastq.gz.trim.derep
INFO(8609093120)2022-02-09 11:52:37,129:total sequences 64, passing sequences 64, failing sequences 0
INFO(8609093120)2022-02-09 11:52:37,129:multiple_sequence_alignment seqs file /private/var/folders/kg/8vg7l_kn7mj_706mwvy19dq00000gn/T/tmp_ba8m0sd/deblur_working_dir/12-18-20-sc-g4_13_L001_R1_001.fastq.gz.trim.derep.no_artifacts
INFO(8609093120)2022-02-09 11:52:43,691:deblurring 64 sequences
INFO(8609093120)2022-02-09 11:52:43,694:17 unique sequences left following deblurring
INFO(8609093120)2022-02-09 11:52:43,695:remove_chimeras_denovo_from_seqs seqs file /private/var/folders/kg/8vg7l_kn7mj_706mwvy19dq00000gn/T/tmp_ba8m0sd/deblur_working_dir/12-18-20-sc-g4_13_L001_R1_001.fastq.gz.trim.derep.no_artifacts.msa.deblurto working dir /private/var/folders/kg/8vg7l_kn7mj_706mwvy19dq00000gn/T/tmp_ba8m0sd/deblur_working_dir
INFO(8609093120)2022-02-09 11:52:43,722:finished processing file
INFO(8609093120)2022-02-09 11:52:43,723:--------------------------------------------------------
INFO(8609093120)2022-02-09 11:52:43,723:launch_workflow for file /private/var/folders/kg/8vg7l_kn7mj_706mwvy19dq00000gn/T/qiime2-archive-go3jb7je/d2083e36-6efc-4ed4-83e1-e5530a069815/data/12-18-20-sc-g3_12_L001_R1_001.fastq.gz
INFO(8609093120)2022-02-09 11:52:48,310:dereplicate seqs file /private/var/folders/kg/8vg7l_kn7mj_706mwvy19dq00000gn/T/tmp_ba8m0sd/deblur_working_dir/12-18-20-sc-g3_12_L001_R1_001.fastq.gz.trim
INFO(8609093120)2022-02-09 11:52:48,331:remove_artifacts_seqs file /private/var/folders/kg/8vg7l_kn7mj_706mwvy19dq00000gn/T/tmp_ba8m0sd/deblur_working_dir/12-18-20-sc-g3_12_L001_R1_001.fastq.gz.trim.derep
INFO(8609093120)2022-02-09 11:52:48,661:total sequences 28, passing sequences 28, failing sequences 0
INFO(8609093120)2022-02-09 11:52:48,661:multiple_sequence_alignment seqs file /private/var/folders/kg/8vg7l_kn7mj_706mwvy19dq00000gn/T/tmp_ba8m0sd/deblur_working_dir/12-18-20-sc-g3_12_L001_R1_001.fastq.gz.trim.derep.no_artifacts
INFO(8609093120)2022-02-09 11:52:50,289:deblurring 28 sequences
INFO(8609093120)2022-02-09 11:52:50,291:18 unique sequences left following deblurring
INFO(8609093120)2022-02-09 11:52:50,292:remove_chimeras_denovo_from_seqs seqs file /private/var/folders/kg/8vg7l_kn7mj_706mwvy19dq00000gn/T/tmp_ba8m0sd/deblur_working_dir/12-18-20-sc-g3_12_L001_R1_001.fastq.gz.trim.derep.no_artifacts.msa.deblurto working dir /private/var/folders/kg/8vg7l_kn7mj_706mwvy19dq00000gn/T/tmp_ba8m0sd/deblur_working_dir
INFO(8609093120)2022-02-09 11:52:50,321:finished processing file
INFO(8609093120)2022-02-09 11:52:50,322:--------------------------------------------------------
INFO(8609093120)2022-02-09 11:52:50,322:launch_workflow for file /private/var/folders/kg/8vg7l_kn7mj_706mwvy19dq00000gn/T/qiime2-archive-go3jb7je/d2083e36-6efc-4ed4-83e1-e5530a069815/data/8-25-sc-ng4_57_L001_R1_001.fastq.gz
INFO(8609093120)2022-02-09 11:52:59,433:dereplicate seqs file /private/var/folders/kg/8vg7l_kn7mj_706mwvy19dq00000gn/T/tmp_ba8m0sd/deblur_working_dir/8-25-sc-ng4_57_L001_R1_001.fastq.gz.trim
INFO(8609093120)2022-02-09 11:52:59,553:remove_artifacts_seqs file /private/var/folders/kg/8vg7l_kn7mj_706mwvy19dq00000gn/T/tmp_ba8m0sd/deblur_working_dir/8-25-sc-ng4_57_L001_R1_001.fastq.gz.trim.derep
INFO(8609093120)2022-02-09 11:53:00,021:total sequences 3026, passing sequences 3026, failing sequences 0
INFO(8609093120)2022-02-09 11:53:00,021:multiple_sequence_alignment seqs file /private/var/folders/kg/8vg7l_kn7mj_706mwvy19dq00000gn/T/tmp_ba8m0sd/deblur_working_dir/8-25-sc-ng4_57_L001_R1_001.fastq.gz.trim.derep.no_artifacts
INFO(8609093120)2022-02-09 11:53:27,472:deblurring 3026 sequences
INFO(8609093120)2022-02-09 11:53:31,415:1089 unique sequences left following deblurring
INFO(8609093120)2022-02-09 11:53:31,423:remove_chimeras_denovo_from_seqs seqs file /private/var/folders/kg/8vg7l_kn7mj_706mwvy19dq00000gn/T/tmp_ba8m0sd/deblur_working_dir/8-25-sc-ng4_57_L001_R1_001.fastq.gz.trim.derep.no_artifacts.msa.deblurto working dir /private/var/folders/kg/8vg7l_kn7mj_706mwvy19dq00000gn/T/tmp_ba8m0sd/deblur_working_dir
INFO(8609093120)2022-02-09 11:53:32,418:finished processing file
INFO(8609093120)2022-02-09 11:53:32,421:--------------------------------------------------------
INFO(8609093120)2022-02-09 11:53:32,421:launch_workflow for file /private/var/folders/kg/8vg7l_kn7mj_706mwvy19dq00000gn/T/qiime2-archive-go3jb7je/d2083e36-6efc-4ed4-83e1-e5530a069815/data/12-16-20-alki-g1_0_L001_R1_001.fastq.gz
INFO(8609093120)2022-02-09 11:53:43,315:dereplicate seqs file /private/var/folders/kg/8vg7l_kn7mj_706mwvy19dq00000gn/T/tmp_ba8m0sd/deblur_working_dir/12-16-20-alki-g1_0_L001_R1_001.fastq.gz.trim
INFO(8609093120)2022-02-09 11:53:43,445:remove_artifacts_seqs file /private/var/folders/kg/8vg7l_kn7mj_706mwvy19dq00000gn/T/tmp_ba8m0sd/deblur_working_dir/12-16-20-alki-g1_0_L001_R1_001.fastq.gz.trim.derep
INFO(8609093120)2022-02-09 11:53:43,947:total sequences 3710, passing sequences 3710, failing sequences 0
INFO(8609093120)2022-02-09 11:53:43,948:multiple_sequence_alignment seqs file /private/var/folders/kg/8vg7l_kn7mj_706mwvy19dq00000gn/T/tmp_ba8m0sd/deblur_working_dir/12-16-20-alki-g1_0_L001_R1_001.fastq.gz.trim.derep.no_artifacts
INFO(8609093120)2022-02-09 11:54:19,404:deblurring 3710 sequences
INFO(8609093120)2022-02-09 11:54:20,833:240 unique sequences left following deblurring
INFO(8609093120)2022-02-09 11:54:20,835:remove_chimeras_denovo_from_seqs seqs file /private/var/folders/kg/8vg7l_kn7mj_706mwvy19dq00000gn/T/tmp_ba8m0sd/deblur_working_dir/12-16-20-alki-g1_0_L001_R1_001.fastq.gz.trim.derep.no_artifacts.msa.deblurto working dir /private/var/folders/kg/8vg7l_kn7mj_706mwvy19dq00000gn/T/tmp_ba8m0sd/deblur_working_dir
INFO(8609093120)2022-02-09 11:54:21,069:finished processing file
INFO(8609093120)2022-02-09 11:54:21,070:--------------------------------------------------------
INFO(8609093120)2022-02-09 11:54:21,070:launch_workflow for file /private/var/folders/kg/8vg7l_kn7mj_706mwvy19dq00000gn/T/qiime2-archive-go3jb7je/d2083e36-6efc-4ed4-83e1-e5530a069815/data/8-25-alki-ng2_46_L001_R1_001.fastq.gz
INFO(8609093120)2022-02-09 11:54:27,879:dereplicate seqs file /private/var/folders/kg/8vg7l_kn7mj_706mwvy19dq00000gn/T/tmp_ba8m0sd/deblur_working_dir/8-25-alki-ng2_46_L001_R1_001.fastq.gz.trim
INFO(8609093120)2022-02-09 11:54:27,969:remove_artifacts_seqs file /private/var/folders/kg/8vg7l_kn7mj_706mwvy19dq00000gn/T/tmp_ba8m0sd/deblur_working_dir/8-25-alki-ng2_46_L001_R1_001.fastq.gz.trim.derep
INFO(8609093120)2022-02-09 11:54:28,412:total sequences 2352, passing sequences 2352, failing sequences 0
INFO(8609093120)2022-02-09 11:54:28,412:multiple_sequence_alignment seqs file /private/var/folders/kg/8vg7l_kn7mj_706mwvy19dq00000gn/T/tmp_ba8m0sd/deblur_working_dir/8-25-alki-ng2_46_L001_R1_001.fastq.gz.trim.derep.no_artifacts
INFO(8609093120)2022-02-09 11:54:47,931:deblurring 2352 sequences
INFO(8609093120)2022-02-09 11:54:50,623:952 unique sequences left following deblurring
INFO(8609093120)2022-02-09 11:54:50,630:remove_chimeras_denovo_from_seqs seqs file /private/var/folders/kg/8vg7l_kn7mj_706mwvy19dq00000gn/T/tmp_ba8m0sd/deblur_working_dir/8-25-alki-ng2_46_L001_R1_001.fastq.gz.trim.derep.no_artifacts.msa.deblurto working dir /private/var/folders/kg/8vg7l_kn7mj_706mwvy19dq00000gn/T/tmp_ba8m0sd/deblur_working_dir
INFO(8609093120)2022-02-09 11:54:51,480:finished processing file
INFO(8609093120)2022-02-09 11:54:51,483:--------------------------------------------------------
INFO(8609093120)2022-02-09 11:54:51,483:launch_workflow for file /private/var/folders/kg/8vg7l_kn7mj_706mwvy19dq00000gn/T/qiime2-archive-go3jb7je/d2083e36-6efc-4ed4-83e1-e5530a069815/data/12-18-20-sc-g5_14_L001_R1_001.fastq.gz
INFO(8609093120)2022-02-09 11:54:59,067:dereplicate seqs file /private/var/folders/kg/8vg7l_kn7mj_706mwvy19dq00000gn/T/tmp_ba8m0sd/deblur_working_dir/12-18-20-sc-g5_14_L001_R1_001.fastq.gz.trim
INFO(8609093120)2022-02-09 11:54:59,088:remove_artifacts_seqs file /private/var/folders/kg/8vg7l_kn7mj_706mwvy19dq00000gn/T/tmp_ba8m0sd/deblur_working_dir/12-18-20-sc-g5_14_L001_R1_001.fastq.gz.trim.derep
INFO(8609093120)2022-02-09 11:54:59,422:total sequences 20, passing sequences 20, failing sequences 0
INFO(8609093120)2022-02-09 11:54:59,422:multiple_sequence_alignment seqs file /private/var/folders/kg/8vg7l_kn7mj_706mwvy19dq00000gn/T/tmp_ba8m0sd/deblur_working_dir/12-18-20-sc-g5_14_L001_R1_001.fastq.gz.trim.derep.no_artifacts
INFO(8609093120)2022-02-09 11:55:00,515:deblurring 20 sequences
INFO(8609093120)2022-02-09 11:55:00,516:11 unique sequences left following deblurring
INFO(8609093120)2022-02-09 11:55:00,516:remove_chimeras_denovo_from_seqs seqs file /private/var/folders/kg/8vg7l_kn7mj_706mwvy19dq00000gn/T/tmp_ba8m0sd/deblur_working_dir/12-18-20-sc-g5_14_L001_R1_001.fastq.gz.trim.derep.no_artifacts.msa.deblurto working dir /private/var/folders/kg/8vg7l_kn7mj_706mwvy19dq00000gn/T/tmp_ba8m0sd/deblur_working_dir
INFO(8609093120)2022-02-09 11:55:00,541:finished processing file
INFO(8609093120)2022-02-09 11:55:00,541:--------------------------------------------------------
INFO(8609093120)2022-02-09 11:55:00,541:launch_workflow for file /private/var/folders/kg/8vg7l_kn7mj_706mwvy19dq00000gn/T/qiime2-archive-go3jb7je/d2083e36-6efc-4ed4-83e1-e5530a069815/data/12-22-20-gg-g2_21_L001_R1_001.fastq.gz
INFO(8609093120)2022-02-09 11:55:05,937:dereplicate seqs file /private/var/folders/kg/8vg7l_kn7mj_706mwvy19dq00000gn/T/tmp_ba8m0sd/deblur_working_dir/12-22-20-gg-g2_21_L001_R1_001.fastq.gz.trim
INFO(8609093120)2022-02-09 11:55:05,957:remove_artifacts_seqs file /private/var/folders/kg/8vg7l_kn7mj_706mwvy19dq00000gn/T/tmp_ba8m0sd/deblur_working_dir/12-22-20-gg-g2_21_L001_R1_001.fastq.gz.trim.derep
INFO(8609093120)2022-02-09 11:55:06,293:total sequences 9, passing sequences 9, failing sequences 0
INFO(8609093120)2022-02-09 11:55:06,293:multiple_sequence_alignment seqs file /private/var/folders/kg/8vg7l_kn7mj_706mwvy19dq00000gn/T/tmp_ba8m0sd/deblur_working_dir/12-22-20-gg-g2_21_L001_R1_001.fastq.gz.trim.derep.no_artifacts
INFO(8609093120)2022-02-09 11:55:06,826:deblurring 9 sequences
INFO(8609093120)2022-02-09 11:55:06,826:8 unique sequences left following deblurring
INFO(8609093120)2022-02-09 11:55:06,826:remove_chimeras_denovo_from_seqs seqs file /private/var/folders/kg/8vg7l_kn7mj_706mwvy19dq00000gn/T/tmp_ba8m0sd/deblur_working_dir/12-22-20-gg-g2_21_L001_R1_001.fastq.gz.trim.derep.no_artifacts.msa.deblurto working dir /private/var/folders/kg/8vg7l_kn7mj_706mwvy19dq00000gn/T/tmp_ba8m0sd/deblur_working_dir
INFO(8609093120)2022-02-09 11:55:06,850:finished processing file
INFO(8609093120)2022-02-09 11:55:06,850:--------------------------------------------------------
INFO(8609093120)2022-02-09 11:55:06,850:launch_workflow for file /private/var/folders/kg/8vg7l_kn7mj_706mwvy19dq00000gn/T/qiime2-archive-go3jb7je/d2083e36-6efc-4ed4-83e1-e5530a069815/data/12-16-20-alki-ng1_5_L001_R1_001.fastq.gz
INFO(8609093120)2022-02-09 11:55:11,291:dereplicate seqs file /private/var/folders/kg/8vg7l_kn7mj_706mwvy19dq00000gn/T/tmp_ba8m0sd/deblur_working_dir/12-16-20-alki-ng1_5_L001_R1_001.fastq.gz.trim
INFO(8609093120)2022-02-09 11:55:11,314:remove_artifacts_seqs file /private/var/folders/kg/8vg7l_kn7mj_706mwvy19dq00000gn/T/tmp_ba8m0sd/deblur_working_dir/12-16-20-alki-ng1_5_L001_R1_001.fastq.gz.trim.derep
INFO(8609093120)2022-02-09 11:55:11,644:total sequences 42, passing sequences 42, failing sequences 0
INFO(8609093120)2022-02-09 11:55:11,644:multiple_sequence_alignment seqs file /private/var/folders/kg/8vg7l_kn7mj_706mwvy19dq00000gn/T/tmp_ba8m0sd/deblur_working_dir/12-16-20-alki-ng1_5_L001_R1_001.fastq.gz.trim.derep.no_artifacts
INFO(8609093120)2022-02-09 11:55:14,756:deblurring 42 sequences
INFO(8609093120)2022-02-09 11:55:14,759:26 unique sequences left following deblurring
INFO(8609093120)2022-02-09 11:55:14,759:remove_chimeras_denovo_from_seqs seqs file /private/var/folders/kg/8vg7l_kn7mj_706mwvy19dq00000gn/T/tmp_ba8m0sd/deblur_working_dir/12-16-20-alki-ng1_5_L001_R1_001.fastq.gz.trim.derep.no_artifacts.msa.deblurto working dir /private/var/folders/kg/8vg7l_kn7mj_706mwvy19dq00000gn/T/tmp_ba8m0sd/deblur_working_dir
INFO(8609093120)2022-02-09 11:55:14,793:finished processing file
INFO(8609093120)2022-02-09 11:55:14,793:--------------------------------------------------------
INFO(8609093120)2022-02-09 11:55:14,793:launch_workflow for file /private/var/folders/kg/8vg7l_kn7mj_706mwvy19dq00000gn/T/qiime2-archive-go3jb7je/d2083e36-6efc-4ed4-83e1-e5530a069815/data/8-25-sc-g3_52_L001_R1_001.fastq.gz
INFO(8609093120)2022-02-09 11:55:18,437:dereplicate seqs file /private/var/folders/kg/8vg7l_kn7mj_706mwvy19dq00000gn/T/tmp_ba8m0sd/deblur_working_dir/8-25-sc-g3_52_L001_R1_001.fastq.gz.trim
INFO(8609093120)2022-02-09 11:55:18,497:remove_artifacts_seqs file /private/var/folders/kg/8vg7l_kn7mj_706mwvy19dq00000gn/T/tmp_ba8m0sd/deblur_working_dir/8-25-sc-g3_52_L001_R1_001.fastq.gz.trim.derep
INFO(8609093120)2022-02-09 11:55:18,875:total sequences 992, passing sequences 992, failing sequences 0
INFO(8609093120)2022-02-09 11:55:18,876:multiple_sequence_alignment seqs file /private/var/folders/kg/8vg7l_kn7mj_706mwvy19dq00000gn/T/tmp_ba8m0sd/deblur_working_dir/8-25-sc-g3_52_L001_R1_001.fastq.gz.trim.derep.no_artifacts
INFO(8609093120)2022-02-09 11:55:25,717:deblurring 992 sequences
INFO(8609093120)2022-02-09 11:55:26,284:456 unique sequences left following deblurring
INFO(8609093120)2022-02-09 11:55:26,287:remove_chimeras_denovo_from_seqs seqs file /private/var/folders/kg/8vg7l_kn7mj_706mwvy19dq00000gn/T/tmp_ba8m0sd/deblur_working_dir/8-25-sc-g3_52_L001_R1_001.fastq.gz.trim.derep.no_artifacts.msa.deblurto working dir /private/var/folders/kg/8vg7l_kn7mj_706mwvy19dq00000gn/T/tmp_ba8m0sd/deblur_working_dir
INFO(8609093120)2022-02-09 11:55:26,703:finished processing file
INFO(8609093120)2022-02-09 11:55:26,705:--------------------------------------------------------
INFO(8609093120)2022-02-09 11:55:26,705:launch_workflow for file /private/var/folders/kg/8vg7l_kn7mj_706mwvy19dq00000gn/T/qiime2-archive-go3jb7je/d2083e36-6efc-4ed4-83e1-e5530a069815/data/12-18-20-sc-ng3_17_L001_R1_001.fastq.gz
INFO(8609093120)2022-02-09 11:55:34,866:dereplicate seqs file /private/var/folders/kg/8vg7l_kn7mj_706mwvy19dq00000gn/T/tmp_ba8m0sd/deblur_working_dir/12-18-20-sc-ng3_17_L001_R1_001.fastq.gz.trim
INFO(8609093120)2022-02-09 11:55:34,888:remove_artifacts_seqs file /private/var/folders/kg/8vg7l_kn7mj_706mwvy19dq00000gn/T/tmp_ba8m0sd/deblur_working_dir/12-18-20-sc-ng3_17_L001_R1_001.fastq.gz.trim.derep
INFO(8609093120)2022-02-09 11:55:35,224:total sequences 18, passing sequences 18, failing sequences 0
INFO(8609093120)2022-02-09 11:55:35,224:multiple_sequence_alignment seqs file /private/var/folders/kg/8vg7l_kn7mj_706mwvy19dq00000gn/T/tmp_ba8m0sd/deblur_working_dir/12-18-20-sc-ng3_17_L001_R1_001.fastq.gz.trim.derep.no_artifacts
INFO(8609093120)2022-02-09 11:55:36,153:deblurring 18 sequences
INFO(8609093120)2022-02-09 11:55:36,154:14 unique sequences left following deblurring
INFO(8609093120)2022-02-09 11:55:36,154:remove_chimeras_denovo_from_seqs seqs file /private/var/folders/kg/8vg7l_kn7mj_706mwvy19dq00000gn/T/tmp_ba8m0sd/deblur_working_dir/12-18-20-sc-ng3_17_L001_R1_001.fastq.gz.trim.derep.no_artifacts.msa.deblurto working dir /private/var/folders/kg/8vg7l_kn7mj_706mwvy19dq00000gn/T/tmp_ba8m0sd/deblur_working_dir
INFO(8609093120)2022-02-09 11:55:36,181:finished processing file
INFO(8609093120)2022-02-09 11:55:36,182:--------------------------------------------------------
INFO(8609093120)2022-02-09 11:55:36,182:launch_workflow for file /private/var/folders/kg/8vg7l_kn7mj_706mwvy19dq00000gn/T/qiime2-archive-go3jb7je/d2083e36-6efc-4ed4-83e1-e5530a069815/data/8-25-alki-g1_40_L001_R1_001.fastq.gz
INFO(8609093120)2022-02-09 11:55:38,914:dereplicate seqs file /private/var/folders/kg/8vg7l_kn7mj_706mwvy19dq00000gn/T/tmp_ba8m0sd/deblur_working_dir/8-25-alki-g1_40_L001_R1_001.fastq.gz.trim
INFO(8609093120)2022-02-09 11:55:38,936:remove_artifacts_seqs file /private/var/folders/kg/8vg7l_kn7mj_706mwvy19dq00000gn/T/tmp_ba8m0sd/deblur_working_dir/8-25-alki-g1_40_L001_R1_001.fastq.gz.trim.derep
INFO(8609093120)2022-02-09 11:55:39,294:total sequences 25, passing sequences 25, failing sequences 0
INFO(8609093120)2022-02-09 11:55:39,294:multiple_sequence_alignment seqs file /private/var/folders/kg/8vg7l_kn7mj_706mwvy19dq00000gn/T/tmp_ba8m0sd/deblur_working_dir/8-25-alki-g1_40_L001_R1_001.fastq.gz.trim.derep.no_artifacts
INFO(8609093120)2022-02-09 11:55:41,038:deblurring 25 sequences
INFO(8609093120)2022-02-09 11:55:41,040:20 unique sequences left following deblurring
INFO(8609093120)2022-02-09 11:55:41,040:remove_chimeras_denovo_from_seqs seqs file /private/var/folders/kg/8vg7l_kn7mj_706mwvy19dq00000gn/T/tmp_ba8m0sd/deblur_working_dir/8-25-alki-g1_40_L001_R1_001.fastq.gz.trim.derep.no_artifacts.msa.deblurto working dir /private/var/folders/kg/8vg7l_kn7mj_706mwvy19dq00000gn/T/tmp_ba8m0sd/deblur_working_dir
INFO(8609093120)2022-02-09 11:55:41,080:finished processing file
INFO(8609093120)2022-02-09 11:55:41,081:--------------------------------------------------------
INFO(8609093120)2022-02-09 11:55:41,081:launch_workflow for file /private/var/folders/kg/8vg7l_kn7mj_706mwvy19dq00000gn/T/qiime2-archive-go3jb7je/d2083e36-6efc-4ed4-83e1-e5530a069815/data/8-21-gg-ng5_39_L001_R1_001.fastq.gz
INFO(8609093120)2022-02-09 11:55:47,695:dereplicate seqs file /private/var/folders/kg/8vg7l_kn7mj_706mwvy19dq00000gn/T/tmp_ba8m0sd/deblur_working_dir/8-21-gg-ng5_39_L001_R1_001.fastq.gz.trim
INFO(8609093120)2022-02-09 11:55:47,792:remove_artifacts_seqs file /private/var/folders/kg/8vg7l_kn7mj_706mwvy19dq00000gn/T/tmp_ba8m0sd/deblur_working_dir/8-21-gg-ng5_39_L001_R1_001.fastq.gz.trim.derep
INFO(8609093120)2022-02-09 11:55:48,229:total sequences 2119, passing sequences 2119, failing sequences 0
INFO(8609093120)2022-02-09 11:55:48,229:multiple_sequence_alignment seqs file /private/var/folders/kg/8vg7l_kn7mj_706mwvy19dq00000gn/T/tmp_ba8m0sd/deblur_working_dir/8-21-gg-ng5_39_L001_R1_001.fastq.gz.trim.derep.no_artifacts
INFO(8609093120)2022-02-09 11:56:05,946:deblurring 2119 sequences
INFO(8609093120)2022-02-09 11:56:07,868:722 unique sequences left following deblurring
INFO(8609093120)2022-02-09 11:56:07,873:remove_chimeras_denovo_from_seqs seqs file /private/var/folders/kg/8vg7l_kn7mj_706mwvy19dq00000gn/T/tmp_ba8m0sd/deblur_working_dir/8-21-gg-ng5_39_L001_R1_001.fastq.gz.trim.derep.no_artifacts.msa.deblurto working dir /private/var/folders/kg/8vg7l_kn7mj_706mwvy19dq00000gn/T/tmp_ba8m0sd/deblur_working_dir
INFO(8609093120)2022-02-09 11:56:08,519:finished processing file
INFO(8609093120)2022-02-09 11:56:08,521:--------------------------------------------------------
INFO(8609093120)2022-02-09 11:56:08,521:launch_workflow for file /private/var/folders/kg/8vg7l_kn7mj_706mwvy19dq00000gn/T/qiime2-archive-go3jb7je/d2083e36-6efc-4ed4-83e1-e5530a069815/data/8-25-sc-ng1_55_L001_R1_001.fastq.gz
INFO(8609093120)2022-02-09 11:56:15,567:dereplicate seqs file /private/var/folders/kg/8vg7l_kn7mj_706mwvy19dq00000gn/T/tmp_ba8m0sd/deblur_working_dir/8-25-sc-ng1_55_L001_R1_001.fastq.gz.trim
INFO(8609093120)2022-02-09 11:56:15,671:remove_artifacts_seqs file /private/var/folders/kg/8vg7l_kn7mj_706mwvy19dq00000gn/T/tmp_ba8m0sd/deblur_working_dir/8-25-sc-ng1_55_L001_R1_001.fastq.gz.trim.derep
INFO(8609093120)2022-02-09 11:56:16,117:total sequences 2191, passing sequences 2191, failing sequences 0
INFO(8609093120)2022-02-09 11:56:16,118:multiple_sequence_alignment seqs file /private/var/folders/kg/8vg7l_kn7mj_706mwvy19dq00000gn/T/tmp_ba8m0sd/deblur_working_dir/8-25-sc-ng1_55_L001_R1_001.fastq.gz.trim.derep.no_artifacts
INFO(8609093120)2022-02-09 11:56:34,972:deblurring 2191 sequences
INFO(8609093120)2022-02-09 11:56:38,529:1132 unique sequences left following deblurring
INFO(8609093120)2022-02-09 11:56:38,540:remove_chimeras_denovo_from_seqs seqs file /private/var/folders/kg/8vg7l_kn7mj_706mwvy19dq00000gn/T/tmp_ba8m0sd/deblur_working_dir/8-25-sc-ng1_55_L001_R1_001.fastq.gz.trim.derep.no_artifacts.msa.deblurto working dir /private/var/folders/kg/8vg7l_kn7mj_706mwvy19dq00000gn/T/tmp_ba8m0sd/deblur_working_dir
INFO(8609093120)2022-02-09 11:56:39,623:finished processing file
INFO(8609093120)2022-02-09 11:56:39,626:--------------------------------------------------------
INFO(8609093120)2022-02-09 11:56:39,626:launch_workflow for file /private/var/folders/kg/8vg7l_kn7mj_706mwvy19dq00000gn/T/qiime2-archive-go3jb7je/d2083e36-6efc-4ed4-83e1-e5530a069815/data/8-25-sc-g4_53_L001_R1_001.fastq.gz
INFO(8609093120)2022-02-09 11:56:46,450:dereplicate seqs file /private/var/folders/kg/8vg7l_kn7mj_706mwvy19dq00000gn/T/tmp_ba8m0sd/deblur_working_dir/8-25-sc-g4_53_L001_R1_001.fastq.gz.trim
INFO(8609093120)2022-02-09 11:56:46,546:remove_artifacts_seqs file /private/var/folders/kg/8vg7l_kn7mj_706mwvy19dq00000gn/T/tmp_ba8m0sd/deblur_working_dir/8-25-sc-g4_53_L001_R1_001.fastq.gz.trim.derep
INFO(8609093120)2022-02-09 11:56:46,965:total sequences 1687, passing sequences 1687, failing sequences 0
INFO(8609093120)2022-02-09 11:56:46,965:multiple_sequence_alignment seqs file /private/var/folders/kg/8vg7l_kn7mj_706mwvy19dq00000gn/T/tmp_ba8m0sd/deblur_working_dir/8-25-sc-g4_53_L001_R1_001.fastq.gz.trim.derep.no_artifacts
INFO(8609093120)2022-02-09 11:57:00,381:deblurring 1687 sequences
INFO(8609093120)2022-02-09 11:57:01,745:645 unique sequences left following deblurring
INFO(8609093120)2022-02-09 11:57:01,751:remove_chimeras_denovo_from_seqs seqs file /private/var/folders/kg/8vg7l_kn7mj_706mwvy19dq00000gn/T/tmp_ba8m0sd/deblur_working_dir/8-25-sc-g4_53_L001_R1_001.fastq.gz.trim.derep.no_artifacts.msa.deblurto working dir /private/var/folders/kg/8vg7l_kn7mj_706mwvy19dq00000gn/T/tmp_ba8m0sd/deblur_working_dir
INFO(8609093120)2022-02-09 11:57:02,605:finished processing file
INFO(8609093120)2022-02-09 11:57:02,607:--------------------------------------------------------
INFO(8609093120)2022-02-09 11:57:02,607:launch_workflow for file /private/var/folders/kg/8vg7l_kn7mj_706mwvy19dq00000gn/T/qiime2-archive-go3jb7je/d2083e36-6efc-4ed4-83e1-e5530a069815/data/12-22-20-gg-ng2_26_L001_R1_001.fastq.gz
INFO(8609093120)2022-02-09 11:57:06,919:dereplicate seqs file /private/var/folders/kg/8vg7l_kn7mj_706mwvy19dq00000gn/T/tmp_ba8m0sd/deblur_working_dir/12-22-20-gg-ng2_26_L001_R1_001.fastq.gz.trim
INFO(8609093120)2022-02-09 11:57:06,944:remove_artifacts_seqs file /private/var/folders/kg/8vg7l_kn7mj_706mwvy19dq00000gn/T/tmp_ba8m0sd/deblur_working_dir/12-22-20-gg-ng2_26_L001_R1_001.fastq.gz.trim.derep
INFO(8609093120)2022-02-09 11:57:07,299:total sequences 31, passing sequences 31, failing sequences 0
INFO(8609093120)2022-02-09 11:57:07,299:multiple_sequence_alignment seqs file /private/var/folders/kg/8vg7l_kn7mj_706mwvy19dq00000gn/T/tmp_ba8m0sd/deblur_working_dir/12-22-20-gg-ng2_26_L001_R1_001.fastq.gz.trim.derep.no_artifacts
INFO(8609093120)2022-02-09 11:57:09,363:deblurring 31 sequences
INFO(8609093120)2022-02-09 11:57:09,366:20 unique sequences left following deblurring
INFO(8609093120)2022-02-09 11:57:09,366:remove_chimeras_denovo_from_seqs seqs file /private/var/folders/kg/8vg7l_kn7mj_706mwvy19dq00000gn/T/tmp_ba8m0sd/deblur_working_dir/12-22-20-gg-ng2_26_L001_R1_001.fastq.gz.trim.derep.no_artifacts.msa.deblurto working dir /private/var/folders/kg/8vg7l_kn7mj_706mwvy19dq00000gn/T/tmp_ba8m0sd/deblur_working_dir
INFO(8609093120)2022-02-09 11:57:09,396:finished processing file
INFO(8609093120)2022-02-09 11:57:09,396:--------------------------------------------------------
INFO(8609093120)2022-02-09 11:57:09,396:launch_workflow for file /private/var/folders/kg/8vg7l_kn7mj_706mwvy19dq00000gn/T/qiime2-archive-go3jb7je/d2083e36-6efc-4ed4-83e1-e5530a069815/data/8-25-sc-g5_54_L001_R1_001.fastq.gz
INFO(8609093120)2022-02-09 11:57:16,866:dereplicate seqs file /private/var/folders/kg/8vg7l_kn7mj_706mwvy19dq00000gn/T/tmp_ba8m0sd/deblur_working_dir/8-25-sc-g5_54_L001_R1_001.fastq.gz.trim
INFO(8609093120)2022-02-09 11:57:16,973:remove_artifacts_seqs file /private/var/folders/kg/8vg7l_kn7mj_706mwvy19dq00000gn/T/tmp_ba8m0sd/deblur_working_dir/8-25-sc-g5_54_L001_R1_001.fastq.gz.trim.derep
INFO(8609093120)2022-02-09 11:57:17,429:total sequences 2260, passing sequences 2260, failing sequences 0
INFO(8609093120)2022-02-09 11:57:17,429:multiple_sequence_alignment seqs file /private/var/folders/kg/8vg7l_kn7mj_706mwvy19dq00000gn/T/tmp_ba8m0sd/deblur_working_dir/8-25-sc-g5_54_L001_R1_001.fastq.gz.trim.derep.no_artifacts
INFO(8609093120)2022-02-09 11:57:38,868:deblurring 2260 sequences
INFO(8609093120)2022-02-09 11:57:41,306:729 unique sequences left following deblurring
INFO(8609093120)2022-02-09 11:57:41,312:remove_chimeras_denovo_from_seqs seqs file /private/var/folders/kg/8vg7l_kn7mj_706mwvy19dq00000gn/T/tmp_ba8m0sd/deblur_working_dir/8-25-sc-g5_54_L001_R1_001.fastq.gz.trim.derep.no_artifacts.msa.deblurto working dir /private/var/folders/kg/8vg7l_kn7mj_706mwvy19dq00000gn/T/tmp_ba8m0sd/deblur_working_dir
INFO(8609093120)2022-02-09 11:57:41,991:finished processing file
INFO(8609093120)2022-02-09 11:57:41,993:--------------------------------------------------------
INFO(8609093120)2022-02-09 11:57:41,993:launch_workflow for file /private/var/folders/kg/8vg7l_kn7mj_706mwvy19dq00000gn/T/qiime2-archive-go3jb7je/d2083e36-6efc-4ed4-83e1-e5530a069815/data/12-22-20-gg-g1_20_L001_R1_001.fastq.gz
INFO(8609093120)2022-02-09 11:57:47,924:dereplicate seqs file /private/var/folders/kg/8vg7l_kn7mj_706mwvy19dq00000gn/T/tmp_ba8m0sd/deblur_working_dir/12-22-20-gg-g1_20_L001_R1_001.fastq.gz.trim
INFO(8609093120)2022-02-09 11:57:47,956:remove_artifacts_seqs file /private/var/folders/kg/8vg7l_kn7mj_706mwvy19dq00000gn/T/tmp_ba8m0sd/deblur_working_dir/12-22-20-gg-g1_20_L001_R1_001.fastq.gz.trim.derep
INFO(8609093120)2022-02-09 11:57:48,324:total sequences 17, passing sequences 17, failing sequences 0
INFO(8609093120)2022-02-09 11:57:48,324:multiple_sequence_alignment seqs file /private/var/folders/kg/8vg7l_kn7mj_706mwvy19dq00000gn/T/tmp_ba8m0sd/deblur_working_dir/12-22-20-gg-g1_20_L001_R1_001.fastq.gz.trim.derep.no_artifacts
INFO(8609093120)2022-02-09 11:57:49,378:deblurring 17 sequences
INFO(8609093120)2022-02-09 11:57:49,379:11 unique sequences left following deblurring
INFO(8609093120)2022-02-09 11:57:49,379:remove_chimeras_denovo_from_seqs seqs file /private/var/folders/kg/8vg7l_kn7mj_706mwvy19dq00000gn/T/tmp_ba8m0sd/deblur_working_dir/12-22-20-gg-g1_20_L001_R1_001.fastq.gz.trim.derep.no_artifacts.msa.deblurto working dir /private/var/folders/kg/8vg7l_kn7mj_706mwvy19dq00000gn/T/tmp_ba8m0sd/deblur_working_dir
INFO(8609093120)2022-02-09 11:57:49,404:finished processing file
INFO(8609093120)2022-02-09 11:57:49,404:--------------------------------------------------------
INFO(8609093120)2022-02-09 11:57:49,404:launch_workflow for file /private/var/folders/kg/8vg7l_kn7mj_706mwvy19dq00000gn/T/qiime2-archive-go3jb7je/d2083e36-6efc-4ed4-83e1-e5530a069815/data/12-18-20-sc-ng1_15_L001_R1_001.fastq.gz
INFO(8609093120)2022-02-09 11:57:55,255:dereplicate seqs file /private/var/folders/kg/8vg7l_kn7mj_706mwvy19dq00000gn/T/tmp_ba8m0sd/deblur_working_dir/12-18-20-sc-ng1_15_L001_R1_001.fastq.gz.trim
INFO(8609093120)2022-02-09 11:57:55,281:remove_artifacts_seqs file /private/var/folders/kg/8vg7l_kn7mj_706mwvy19dq00000gn/T/tmp_ba8m0sd/deblur_working_dir/12-18-20-sc-ng1_15_L001_R1_001.fastq.gz.trim.derep
INFO(8609093120)2022-02-09 11:57:55,635:total sequences 36, passing sequences 36, failing sequences 0
INFO(8609093120)2022-02-09 11:57:55,636:multiple_sequence_alignment seqs file /private/var/folders/kg/8vg7l_kn7mj_706mwvy19dq00000gn/T/tmp_ba8m0sd/deblur_working_dir/12-18-20-sc-ng1_15_L001_R1_001.fastq.gz.trim.derep.no_artifacts
INFO(8609093120)2022-02-09 11:57:58,331:deblurring 36 sequences
INFO(8609093120)2022-02-09 11:57:58,334:23 unique sequences left following deblurring
INFO(8609093120)2022-02-09 11:57:58,334:remove_chimeras_denovo_from_seqs seqs file /private/var/folders/kg/8vg7l_kn7mj_706mwvy19dq00000gn/T/tmp_ba8m0sd/deblur_working_dir/12-18-20-sc-ng1_15_L001_R1_001.fastq.gz.trim.derep.no_artifacts.msa.deblurto working dir /private/var/folders/kg/8vg7l_kn7mj_706mwvy19dq00000gn/T/tmp_ba8m0sd/deblur_working_dir
INFO(8609093120)2022-02-09 11:57:58,367:finished processing file
INFO(8609093120)2022-02-09 11:57:58,368:--------------------------------------------------------
INFO(8609093120)2022-02-09 11:57:58,368:launch_workflow for file /private/var/folders/kg/8vg7l_kn7mj_706mwvy19dq00000gn/T/qiime2-archive-go3jb7je/d2083e36-6efc-4ed4-83e1-e5530a069815/data/8-25-sc-g1_50_L001_R1_001.fastq.gz
INFO(8609093120)2022-02-09 11:58:05,331:dereplicate seqs file /private/var/folders/kg/8vg7l_kn7mj_706mwvy19dq00000gn/T/tmp_ba8m0sd/deblur_working_dir/8-25-sc-g1_50_L001_R1_001.fastq.gz.trim
INFO(8609093120)2022-02-09 11:58:05,437:remove_artifacts_seqs file /private/var/folders/kg/8vg7l_kn7mj_706mwvy19dq00000gn/T/tmp_ba8m0sd/deblur_working_dir/8-25-sc-g1_50_L001_R1_001.fastq.gz.trim.derep
INFO(8609093120)2022-02-09 11:58:05,872:total sequences 2066, passing sequences 2066, failing sequences 0
INFO(8609093120)2022-02-09 11:58:05,872:multiple_sequence_alignment seqs file /private/var/folders/kg/8vg7l_kn7mj_706mwvy19dq00000gn/T/tmp_ba8m0sd/deblur_working_dir/8-25-sc-g1_50_L001_R1_001.fastq.gz.trim.derep.no_artifacts
INFO(8609093120)2022-02-09 11:58:22,759:deblurring 2066 sequences
INFO(8609093120)2022-02-09 11:58:25,348:859 unique sequences left following deblurring
INFO(8609093120)2022-02-09 11:58:25,355:remove_chimeras_denovo_from_seqs seqs file /private/var/folders/kg/8vg7l_kn7mj_706mwvy19dq00000gn/T/tmp_ba8m0sd/deblur_working_dir/8-25-sc-g1_50_L001_R1_001.fastq.gz.trim.derep.no_artifacts.msa.deblurto working dir /private/var/folders/kg/8vg7l_kn7mj_706mwvy19dq00000gn/T/tmp_ba8m0sd/deblur_working_dir
INFO(8609093120)2022-02-09 11:58:26,181:finished processing file
INFO(8609093120)2022-02-09 11:58:26,183:--------------------------------------------------------
INFO(8609093120)2022-02-09 11:58:26,183:launch_workflow for file /private/var/folders/kg/8vg7l_kn7mj_706mwvy19dq00000gn/T/qiime2-archive-go3jb7je/d2083e36-6efc-4ed4-83e1-e5530a069815/data/8-25-alki-g3_42_L001_R1_001.fastq.gz
INFO(8609093120)2022-02-09 11:58:35,755:dereplicate seqs file /private/var/folders/kg/8vg7l_kn7mj_706mwvy19dq00000gn/T/tmp_ba8m0sd/deblur_working_dir/8-25-alki-g3_42_L001_R1_001.fastq.gz.trim
INFO(8609093120)2022-02-09 11:58:35,892:remove_artifacts_seqs file /private/var/folders/kg/8vg7l_kn7mj_706mwvy19dq00000gn/T/tmp_ba8m0sd/deblur_working_dir/8-25-alki-g3_42_L001_R1_001.fastq.gz.trim.derep
INFO(8609093120)2022-02-09 11:58:36,382:total sequences 3186, passing sequences 3186, failing sequences 0
INFO(8609093120)2022-02-09 11:58:36,383:multiple_sequence_alignment seqs file /private/var/folders/kg/8vg7l_kn7mj_706mwvy19dq00000gn/T/tmp_ba8m0sd/deblur_working_dir/8-25-alki-g3_42_L001_R1_001.fastq.gz.trim.derep.no_artifacts
INFO(8609093120)2022-02-09 11:59:06,522:deblurring 3186 sequences
INFO(8609093120)2022-02-09 11:59:10,800:929 unique sequences left following deblurring
INFO(8609093120)2022-02-09 11:59:10,807:remove_chimeras_denovo_from_seqs seqs file /private/var/folders/kg/8vg7l_kn7mj_706mwvy19dq00000gn/T/tmp_ba8m0sd/deblur_working_dir/8-25-alki-g3_42_L001_R1_001.fastq.gz.trim.derep.no_artifacts.msa.deblurto working dir /private/var/folders/kg/8vg7l_kn7mj_706mwvy19dq00000gn/T/tmp_ba8m0sd/deblur_working_dir
INFO(8609093120)2022-02-09 11:59:11,640:finished processing file
INFO(8609093120)2022-02-09 11:59:11,643:--------------------------------------------------------
INFO(8609093120)2022-02-09 11:59:11,643:launch_workflow for file /private/var/folders/kg/8vg7l_kn7mj_706mwvy19dq00000gn/T/qiime2-archive-go3jb7je/d2083e36-6efc-4ed4-83e1-e5530a069815/data/8-25-alki-g4_43_L001_R1_001.fastq.gz
INFO(8609093120)2022-02-09 11:59:20,085:dereplicate seqs file /private/var/folders/kg/8vg7l_kn7mj_706mwvy19dq00000gn/T/tmp_ba8m0sd/deblur_working_dir/8-25-alki-g4_43_L001_R1_001.fastq.gz.trim
INFO(8609093120)2022-02-09 11:59:20,203:remove_artifacts_seqs file /private/var/folders/kg/8vg7l_kn7mj_706mwvy19dq00000gn/T/tmp_ba8m0sd/deblur_working_dir/8-25-alki-g4_43_L001_R1_001.fastq.gz.trim.derep
INFO(8609093120)2022-02-09 11:59:20,788:total sequences 2705, passing sequences 2705, failing sequences 0
INFO(8609093120)2022-02-09 11:59:20,788:multiple_sequence_alignment seqs file /private/var/folders/kg/8vg7l_kn7mj_706mwvy19dq00000gn/T/tmp_ba8m0sd/deblur_working_dir/8-25-alki-g4_43_L001_R1_001.fastq.gz.trim.derep.no_artifacts
INFO(8609093120)2022-02-09 11:59:46,168:deblurring 2705 sequences
INFO(8609093120)2022-02-09 11:59:49,468:946 unique sequences left following deblurring
INFO(8609093120)2022-02-09 11:59:49,474:remove_chimeras_denovo_from_seqs seqs file /private/var/folders/kg/8vg7l_kn7mj_706mwvy19dq00000gn/T/tmp_ba8m0sd/deblur_working_dir/8-25-alki-g4_43_L001_R1_001.fastq.gz.trim.derep.no_artifacts.msa.deblurto working dir /private/var/folders/kg/8vg7l_kn7mj_706mwvy19dq00000gn/T/tmp_ba8m0sd/deblur_working_dir
INFO(8609093120)2022-02-09 11:59:50,358:finished processing file
INFO(8609093120)2022-02-09 11:59:50,360:--------------------------------------------------------
INFO(8609093120)2022-02-09 11:59:50,360:launch_workflow for file /private/var/folders/kg/8vg7l_kn7mj_706mwvy19dq00000gn/T/qiime2-archive-go3jb7je/d2083e36-6efc-4ed4-83e1-e5530a069815/data/12-22-20-gg-g5_24_L001_R1_001.fastq.gz
INFO(8609093120)2022-02-09 11:59:56,148:dereplicate seqs file /private/var/folders/kg/8vg7l_kn7mj_706mwvy19dq00000gn/T/tmp_ba8m0sd/deblur_working_dir/12-22-20-gg-g5_24_L001_R1_001.fastq.gz.trim
INFO(8609093120)2022-02-09 11:59:56,188:remove_artifacts_seqs file /private/var/folders/kg/8vg7l_kn7mj_706mwvy19dq00000gn/T/tmp_ba8m0sd/deblur_working_dir/12-22-20-gg-g5_24_L001_R1_001.fastq.gz.trim.derep
INFO(8609093120)2022-02-09 11:59:56,557:total sequences 355, passing sequences 355, failing sequences 0
INFO(8609093120)2022-02-09 11:59:56,557:multiple_sequence_alignment seqs file /private/var/folders/kg/8vg7l_kn7mj_706mwvy19dq00000gn/T/tmp_ba8m0sd/deblur_working_dir/12-22-20-gg-g5_24_L001_R1_001.fastq.gz.trim.derep.no_artifacts
INFO(8609093120)2022-02-09 12:00:02,816:deblurring 355 sequences
INFO(8609093120)2022-02-09 12:00:02,942:158 unique sequences left following deblurring
INFO(8609093120)2022-02-09 12:00:02,943:remove_chimeras_denovo_from_seqs seqs file /private/var/folders/kg/8vg7l_kn7mj_706mwvy19dq00000gn/T/tmp_ba8m0sd/deblur_working_dir/12-22-20-gg-g5_24_L001_R1_001.fastq.gz.trim.derep.no_artifacts.msa.deblurto working dir /private/var/folders/kg/8vg7l_kn7mj_706mwvy19dq00000gn/T/tmp_ba8m0sd/deblur_working_dir
INFO(8609093120)2022-02-09 12:00:03,100:finished processing file
INFO(8609093120)2022-02-09 12:00:03,101:--------------------------------------------------------
INFO(8609093120)2022-02-09 12:00:03,101:launch_workflow for file /private/var/folders/kg/8vg7l_kn7mj_706mwvy19dq00000gn/T/qiime2-archive-go3jb7je/d2083e36-6efc-4ed4-83e1-e5530a069815/data/12-18-20-sc-g2_11_L001_R1_001.fastq.gz
INFO(8609093120)2022-02-09 12:00:09,822:dereplicate seqs file /private/var/folders/kg/8vg7l_kn7mj_706mwvy19dq00000gn/T/tmp_ba8m0sd/deblur_working_dir/12-18-20-sc-g2_11_L001_R1_001.fastq.gz.trim
INFO(8609093120)2022-02-09 12:00:09,858:remove_artifacts_seqs file /private/var/folders/kg/8vg7l_kn7mj_706mwvy19dq00000gn/T/tmp_ba8m0sd/deblur_working_dir/12-18-20-sc-g2_11_L001_R1_001.fastq.gz.trim.derep
INFO(8609093120)2022-02-09 12:00:10,200:total sequences 79, passing sequences 79, failing sequences 0
INFO(8609093120)2022-02-09 12:00:10,200:multiple_sequence_alignment seqs file /private/var/folders/kg/8vg7l_kn7mj_706mwvy19dq00000gn/T/tmp_ba8m0sd/deblur_working_dir/12-18-20-sc-g2_11_L001_R1_001.fastq.gz.trim.derep.no_artifacts
INFO(8609093120)2022-02-09 12:00:20,356:deblurring 79 sequences
INFO(8609093120)2022-02-09 12:00:20,365:30 unique sequences left following deblurring
INFO(8609093120)2022-02-09 12:00:20,365:remove_chimeras_denovo_from_seqs seqs file /private/var/folders/kg/8vg7l_kn7mj_706mwvy19dq00000gn/T/tmp_ba8m0sd/deblur_working_dir/12-18-20-sc-g2_11_L001_R1_001.fastq.gz.trim.derep.no_artifacts.msa.deblurto working dir /private/var/folders/kg/8vg7l_kn7mj_706mwvy19dq00000gn/T/tmp_ba8m0sd/deblur_working_dir
INFO(8609093120)2022-02-09 12:00:20,410:finished processing file
INFO(8609093120)2022-02-09 12:00:20,410:--------------------------------------------------------
INFO(8609093120)2022-02-09 12:00:20,410:launch_workflow for file /private/var/folders/kg/8vg7l_kn7mj_706mwvy19dq00000gn/T/qiime2-archive-go3jb7je/d2083e36-6efc-4ed4-83e1-e5530a069815/data/8-25-alki-g5_44_L001_R1_001.fastq.gz
INFO(8609093120)2022-02-09 12:00:30,990:dereplicate seqs file /private/var/folders/kg/8vg7l_kn7mj_706mwvy19dq00000gn/T/tmp_ba8m0sd/deblur_working_dir/8-25-alki-g5_44_L001_R1_001.fastq.gz.trim
INFO(8609093120)2022-02-09 12:00:31,141:remove_artifacts_seqs file /private/var/folders/kg/8vg7l_kn7mj_706mwvy19dq00000gn/T/tmp_ba8m0sd/deblur_working_dir/8-25-alki-g5_44_L001_R1_001.fastq.gz.trim.derep
INFO(8609093120)2022-02-09 12:00:31,646:total sequences 3576, passing sequences 3576, failing sequences 0
INFO(8609093120)2022-02-09 12:00:31,646:multiple_sequence_alignment seqs file /private/var/folders/kg/8vg7l_kn7mj_706mwvy19dq00000gn/T/tmp_ba8m0sd/deblur_working_dir/8-25-alki-g5_44_L001_R1_001.fastq.gz.trim.derep.no_artifacts
INFO(8609093120)2022-02-09 12:01:06,704:deblurring 3576 sequences
INFO(8609093120)2022-02-09 12:01:12,541:1121 unique sequences left following deblurring
INFO(8609093120)2022-02-09 12:01:12,551:remove_chimeras_denovo_from_seqs seqs file /private/var/folders/kg/8vg7l_kn7mj_706mwvy19dq00000gn/T/tmp_ba8m0sd/deblur_working_dir/8-25-alki-g5_44_L001_R1_001.fastq.gz.trim.derep.no_artifacts.msa.deblurto working dir /private/var/folders/kg/8vg7l_kn7mj_706mwvy19dq00000gn/T/tmp_ba8m0sd/deblur_working_dir
INFO(8609093120)2022-02-09 12:01:13,575:finished processing file
INFO(8609093120)2022-02-09 12:01:13,577:--------------------------------------------------------
INFO(8609093120)2022-02-09 12:01:13,577:launch_workflow for file /private/var/folders/kg/8vg7l_kn7mj_706mwvy19dq00000gn/T/qiime2-archive-go3jb7je/d2083e36-6efc-4ed4-83e1-e5530a069815/data/12-22-20-gg-g4_23_L001_R1_001.fastq.gz
INFO(8609093120)2022-02-09 12:01:18,079:dereplicate seqs file /private/var/folders/kg/8vg7l_kn7mj_706mwvy19dq00000gn/T/tmp_ba8m0sd/deblur_working_dir/12-22-20-gg-g4_23_L001_R1_001.fastq.gz.trim
INFO(8609093120)2022-02-09 12:01:18,102:remove_artifacts_seqs file /private/var/folders/kg/8vg7l_kn7mj_706mwvy19dq00000gn/T/tmp_ba8m0sd/deblur_working_dir/12-22-20-gg-g4_23_L001_R1_001.fastq.gz.trim.derep
INFO(8609093120)2022-02-09 12:01:18,448:total sequences 32, passing sequences 32, failing sequences 0
INFO(8609093120)2022-02-09 12:01:18,448:multiple_sequence_alignment seqs file /private/var/folders/kg/8vg7l_kn7mj_706mwvy19dq00000gn/T/tmp_ba8m0sd/deblur_working_dir/12-22-20-gg-g4_23_L001_R1_001.fastq.gz.trim.derep.no_artifacts
INFO(8609093120)2022-02-09 12:01:20,529:deblurring 32 sequences
INFO(8609093120)2022-02-09 12:01:20,532:20 unique sequences left following deblurring
INFO(8609093120)2022-02-09 12:01:20,532:remove_chimeras_denovo_from_seqs seqs file /private/var/folders/kg/8vg7l_kn7mj_706mwvy19dq00000gn/T/tmp_ba8m0sd/deblur_working_dir/12-22-20-gg-g4_23_L001_R1_001.fastq.gz.trim.derep.no_artifacts.msa.deblurto working dir /private/var/folders/kg/8vg7l_kn7mj_706mwvy19dq00000gn/T/tmp_ba8m0sd/deblur_working_dir
INFO(8609093120)2022-02-09 12:01:20,562:finished processing file
INFO(8609093120)2022-02-09 12:01:20,562:--------------------------------------------------------
INFO(8609093120)2022-02-09 12:01:20,563:launch_workflow for file /private/var/folders/kg/8vg7l_kn7mj_706mwvy19dq00000gn/T/qiime2-archive-go3jb7je/d2083e36-6efc-4ed4-83e1-e5530a069815/data/12-22-20-gg-g3_22_L001_R1_001.fastq.gz
INFO(8609093120)2022-02-09 12:01:25,047:dereplicate seqs file /private/var/folders/kg/8vg7l_kn7mj_706mwvy19dq00000gn/T/tmp_ba8m0sd/deblur_working_dir/12-22-20-gg-g3_22_L001_R1_001.fastq.gz.trim
INFO(8609093120)2022-02-09 12:01:25,073:remove_artifacts_seqs file /private/var/folders/kg/8vg7l_kn7mj_706mwvy19dq00000gn/T/tmp_ba8m0sd/deblur_working_dir/12-22-20-gg-g3_22_L001_R1_001.fastq.gz.trim.derep
INFO(8609093120)2022-02-09 12:01:25,418:total sequences 127, passing sequences 127, failing sequences 0
INFO(8609093120)2022-02-09 12:01:25,419:multiple_sequence_alignment seqs file /private/var/folders/kg/8vg7l_kn7mj_706mwvy19dq00000gn/T/tmp_ba8m0sd/deblur_working_dir/12-22-20-gg-g3_22_L001_R1_001.fastq.gz.trim.derep.no_artifacts
INFO(8609093120)2022-02-09 12:01:49,257:deblurring 127 sequences
INFO(8609093120)2022-02-09 12:01:49,275:47 unique sequences left following deblurring
INFO(8609093120)2022-02-09 12:01:49,276:remove_chimeras_denovo_from_seqs seqs file /private/var/folders/kg/8vg7l_kn7mj_706mwvy19dq00000gn/T/tmp_ba8m0sd/deblur_working_dir/12-22-20-gg-g3_22_L001_R1_001.fastq.gz.trim.derep.no_artifacts.msa.deblurto working dir /private/var/folders/kg/8vg7l_kn7mj_706mwvy19dq00000gn/T/tmp_ba8m0sd/deblur_working_dir
INFO(8609093120)2022-02-09 12:01:49,338:finished processing file
INFO(8609093120)2022-02-09 12:01:49,338:--------------------------------------------------------
INFO(8609093120)2022-02-09 12:01:49,338:launch_workflow for file /private/var/folders/kg/8vg7l_kn7mj_706mwvy19dq00000gn/T/qiime2-archive-go3jb7je/d2083e36-6efc-4ed4-83e1-e5530a069815/data/8-25-alki-ng5_49_L001_R1_001.fastq.gz
INFO(8609093120)2022-02-09 12:01:56,443:dereplicate seqs file /private/var/folders/kg/8vg7l_kn7mj_706mwvy19dq00000gn/T/tmp_ba8m0sd/deblur_working_dir/8-25-alki-ng5_49_L001_R1_001.fastq.gz.trim
INFO(8609093120)2022-02-09 12:01:56,539:remove_artifacts_seqs file /private/var/folders/kg/8vg7l_kn7mj_706mwvy19dq00000gn/T/tmp_ba8m0sd/deblur_working_dir/8-25-alki-ng5_49_L001_R1_001.fastq.gz.trim.derep
INFO(8609093120)2022-02-09 12:01:56,988:total sequences 2404, passing sequences 2404, failing sequences 0
INFO(8609093120)2022-02-09 12:01:56,988:multiple_sequence_alignment seqs file /private/var/folders/kg/8vg7l_kn7mj_706mwvy19dq00000gn/T/tmp_ba8m0sd/deblur_working_dir/8-25-alki-ng5_49_L001_R1_001.fastq.gz.trim.derep.no_artifacts
INFO(8609093120)2022-02-09 12:02:18,242:deblurring 2404 sequences
INFO(8609093120)2022-02-09 12:02:21,413:929 unique sequences left following deblurring
INFO(8609093120)2022-02-09 12:02:21,420:remove_chimeras_denovo_from_seqs seqs file /private/var/folders/kg/8vg7l_kn7mj_706mwvy19dq00000gn/T/tmp_ba8m0sd/deblur_working_dir/8-25-alki-ng5_49_L001_R1_001.fastq.gz.trim.derep.no_artifacts.msa.deblurto working dir /private/var/folders/kg/8vg7l_kn7mj_706mwvy19dq00000gn/T/tmp_ba8m0sd/deblur_working_dir
INFO(8609093120)2022-02-09 12:02:22,254:finished processing file
INFO(8609093120)2022-02-09 12:02:22,256:--------------------------------------------------------
INFO(8609093120)2022-02-09 12:02:22,256:launch_workflow for file /private/var/folders/kg/8vg7l_kn7mj_706mwvy19dq00000gn/T/qiime2-archive-go3jb7je/d2083e36-6efc-4ed4-83e1-e5530a069815/data/8-25-sc-g2_51_L001_R1_001.fastq.gz
INFO(8609093120)2022-02-09 12:02:26,308:dereplicate seqs file /private/var/folders/kg/8vg7l_kn7mj_706mwvy19dq00000gn/T/tmp_ba8m0sd/deblur_working_dir/8-25-sc-g2_51_L001_R1_001.fastq.gz.trim
INFO(8609093120)2022-02-09 12:02:26,375:remove_artifacts_seqs file /private/var/folders/kg/8vg7l_kn7mj_706mwvy19dq00000gn/T/tmp_ba8m0sd/deblur_working_dir/8-25-sc-g2_51_L001_R1_001.fastq.gz.trim.derep
INFO(8609093120)2022-02-09 12:02:26,772:total sequences 1244, passing sequences 1244, failing sequences 0
INFO(8609093120)2022-02-09 12:02:26,772:multiple_sequence_alignment seqs file /private/var/folders/kg/8vg7l_kn7mj_706mwvy19dq00000gn/T/tmp_ba8m0sd/deblur_working_dir/8-25-sc-g2_51_L001_R1_001.fastq.gz.trim.derep.no_artifacts
INFO(8609093120)2022-02-09 12:02:35,710:deblurring 1244 sequences
INFO(8609093120)2022-02-09 12:02:36,813:615 unique sequences left following deblurring
INFO(8609093120)2022-02-09 12:02:36,818:remove_chimeras_denovo_from_seqs seqs file /private/var/folders/kg/8vg7l_kn7mj_706mwvy19dq00000gn/T/tmp_ba8m0sd/deblur_working_dir/8-25-sc-g2_51_L001_R1_001.fastq.gz.trim.derep.no_artifacts.msa.deblurto working dir /private/var/folders/kg/8vg7l_kn7mj_706mwvy19dq00000gn/T/tmp_ba8m0sd/deblur_working_dir
INFO(8609093120)2022-02-09 12:02:37,385:finished processing file
INFO(8609093120)2022-02-09 12:02:37,387:--------------------------------------------------------
INFO(8609093120)2022-02-09 12:02:37,387:launch_workflow for file /private/var/folders/kg/8vg7l_kn7mj_706mwvy19dq00000gn/T/qiime2-archive-go3jb7je/d2083e36-6efc-4ed4-83e1-e5530a069815/data/12-18-20-sc-ng4_18_L001_R1_001.fastq.gz
INFO(8609093120)2022-02-09 12:02:42,374:dereplicate seqs file /private/var/folders/kg/8vg7l_kn7mj_706mwvy19dq00000gn/T/tmp_ba8m0sd/deblur_working_dir/12-18-20-sc-ng4_18_L001_R1_001.fastq.gz.trim
INFO(8609093120)2022-02-09 12:02:42,403:remove_artifacts_seqs file /private/var/folders/kg/8vg7l_kn7mj_706mwvy19dq00000gn/T/tmp_ba8m0sd/deblur_working_dir/12-18-20-sc-ng4_18_L001_R1_001.fastq.gz.trim.derep
INFO(8609093120)2022-02-09 12:02:42,757:total sequences 64, passing sequences 64, failing sequences 0
INFO(8609093120)2022-02-09 12:02:42,757:multiple_sequence_alignment seqs file /private/var/folders/kg/8vg7l_kn7mj_706mwvy19dq00000gn/T/tmp_ba8m0sd/deblur_working_dir/12-18-20-sc-ng4_18_L001_R1_001.fastq.gz.trim.derep.no_artifacts
INFO(8609093120)2022-02-09 12:02:49,578:deblurring 64 sequences
INFO(8609093120)2022-02-09 12:02:49,583:16 unique sequences left following deblurring
INFO(8609093120)2022-02-09 12:02:49,583:remove_chimeras_denovo_from_seqs seqs file /private/var/folders/kg/8vg7l_kn7mj_706mwvy19dq00000gn/T/tmp_ba8m0sd/deblur_working_dir/12-18-20-sc-ng4_18_L001_R1_001.fastq.gz.trim.derep.no_artifacts.msa.deblurto working dir /private/var/folders/kg/8vg7l_kn7mj_706mwvy19dq00000gn/T/tmp_ba8m0sd/deblur_working_dir
INFO(8609093120)2022-02-09 12:02:49,610:finished processing file
INFO(8609093120)2022-02-09 12:02:49,610:--------------------------------------------------------
INFO(8609093120)2022-02-09 12:02:49,610:launch_workflow for file /private/var/folders/kg/8vg7l_kn7mj_706mwvy19dq00000gn/T/qiime2-archive-go3jb7je/d2083e36-6efc-4ed4-83e1-e5530a069815/data/12-16-20-alki-g5_4_L001_R1_001.fastq.gz
INFO(8609093120)2022-02-09 12:02:55,157:dereplicate seqs file /private/var/folders/kg/8vg7l_kn7mj_706mwvy19dq00000gn/T/tmp_ba8m0sd/deblur_working_dir/12-16-20-alki-g5_4_L001_R1_001.fastq.gz.trim
INFO(8609093120)2022-02-09 12:02:55,179:remove_artifacts_seqs file /private/var/folders/kg/8vg7l_kn7mj_706mwvy19dq00000gn/T/tmp_ba8m0sd/deblur_working_dir/12-16-20-alki-g5_4_L001_R1_001.fastq.gz.trim.derep
INFO(8609093120)2022-02-09 12:02:55,530:total sequences 75, passing sequences 75, failing sequences 0
INFO(8609093120)2022-02-09 12:02:55,530:multiple_sequence_alignment seqs file /private/var/folders/kg/8vg7l_kn7mj_706mwvy19dq00000gn/T/tmp_ba8m0sd/deblur_working_dir/12-16-20-alki-g5_4_L001_R1_001.fastq.gz.trim.derep.no_artifacts
INFO(8609093120)2022-02-09 12:03:04,143:deblurring 75 sequences
INFO(8609093120)2022-02-09 12:03:04,153:39 unique sequences left following deblurring
INFO(8609093120)2022-02-09 12:03:04,154:remove_chimeras_denovo_from_seqs seqs file /private/var/folders/kg/8vg7l_kn7mj_706mwvy19dq00000gn/T/tmp_ba8m0sd/deblur_working_dir/12-16-20-alki-g5_4_L001_R1_001.fastq.gz.trim.derep.no_artifacts.msa.deblurto working dir /private/var/folders/kg/8vg7l_kn7mj_706mwvy19dq00000gn/T/tmp_ba8m0sd/deblur_working_dir
INFO(8609093120)2022-02-09 12:03:04,201:finished processing file
INFO(8609093120)2022-02-09 12:03:04,201:--------------------------------------------------------
INFO(8609093120)2022-02-09 12:03:04,201:launch_workflow for file /private/var/folders/kg/8vg7l_kn7mj_706mwvy19dq00000gn/T/qiime2-archive-go3jb7je/d2083e36-6efc-4ed4-83e1-e5530a069815/data/12-18-20-sc-g1_10_L001_R1_001.fastq.gz
INFO(8609093120)2022-02-09 12:03:08,933:dereplicate seqs file /private/var/folders/kg/8vg7l_kn7mj_706mwvy19dq00000gn/T/tmp_ba8m0sd/deblur_working_dir/12-18-20-sc-g1_10_L001_R1_001.fastq.gz.trim
INFO(8609093120)2022-02-09 12:03:08,954:remove_artifacts_seqs file /private/var/folders/kg/8vg7l_kn7mj_706mwvy19dq00000gn/T/tmp_ba8m0sd/deblur_working_dir/12-18-20-sc-g1_10_L001_R1_001.fastq.gz.trim.derep
INFO(8609093120)2022-02-09 12:03:09,293:total sequences 38, passing sequences 38, failing sequences 0
INFO(8609093120)2022-02-09 12:03:09,293:multiple_sequence_alignment seqs file /private/var/folders/kg/8vg7l_kn7mj_706mwvy19dq00000gn/T/tmp_ba8m0sd/deblur_working_dir/12-18-20-sc-g1_10_L001_R1_001.fastq.gz.trim.derep.no_artifacts
INFO(8609093120)2022-02-09 12:03:12,030:deblurring 38 sequences
INFO(8609093120)2022-02-09 12:03:12,032:19 unique sequences left following deblurring
INFO(8609093120)2022-02-09 12:03:12,032:remove_chimeras_denovo_from_seqs seqs file /private/var/folders/kg/8vg7l_kn7mj_706mwvy19dq00000gn/T/tmp_ba8m0sd/deblur_working_dir/12-18-20-sc-g1_10_L001_R1_001.fastq.gz.trim.derep.no_artifacts.msa.deblurto working dir /private/var/folders/kg/8vg7l_kn7mj_706mwvy19dq00000gn/T/tmp_ba8m0sd/deblur_working_dir
INFO(8609093120)2022-02-09 12:03:12,065:finished processing file
INFO(8609093120)2022-02-09 12:03:12,065:--------------------------------------------------------
INFO(8609093120)2022-02-09 12:03:12,065:launch_workflow for file /private/var/folders/kg/8vg7l_kn7mj_706mwvy19dq00000gn/T/qiime2-archive-go3jb7je/d2083e36-6efc-4ed4-83e1-e5530a069815/data/8-21-gg-ng2_36_L001_R1_001.fastq.gz
INFO(8609093120)2022-02-09 12:03:20,283:dereplicate seqs file /private/var/folders/kg/8vg7l_kn7mj_706mwvy19dq00000gn/T/tmp_ba8m0sd/deblur_working_dir/8-21-gg-ng2_36_L001_R1_001.fastq.gz.trim
INFO(8609093120)2022-02-09 12:03:20,388:remove_artifacts_seqs file /private/var/folders/kg/8vg7l_kn7mj_706mwvy19dq00000gn/T/tmp_ba8m0sd/deblur_working_dir/8-21-gg-ng2_36_L001_R1_001.fastq.gz.trim.derep
INFO(8609093120)2022-02-09 12:03:20,851:total sequences 2762, passing sequences 2762, failing sequences 0
INFO(8609093120)2022-02-09 12:03:20,852:multiple_sequence_alignment seqs file /private/var/folders/kg/8vg7l_kn7mj_706mwvy19dq00000gn/T/tmp_ba8m0sd/deblur_working_dir/8-21-gg-ng2_36_L001_R1_001.fastq.gz.trim.derep.no_artifacts
INFO(8609093120)2022-02-09 12:03:44,850:deblurring 2762 sequences
INFO(8609093120)2022-02-09 12:03:47,777:871 unique sequences left following deblurring
INFO(8609093120)2022-02-09 12:03:47,783:remove_chimeras_denovo_from_seqs seqs file /private/var/folders/kg/8vg7l_kn7mj_706mwvy19dq00000gn/T/tmp_ba8m0sd/deblur_working_dir/8-21-gg-ng2_36_L001_R1_001.fastq.gz.trim.derep.no_artifacts.msa.deblurto working dir /private/var/folders/kg/8vg7l_kn7mj_706mwvy19dq00000gn/T/tmp_ba8m0sd/deblur_working_dir
INFO(8609093120)2022-02-09 12:03:48,563:finished processing file
INFO(8609093120)2022-02-09 12:03:48,565:--------------------------------------------------------
INFO(8609093120)2022-02-09 12:03:48,565:launch_workflow for file /private/var/folders/kg/8vg7l_kn7mj_706mwvy19dq00000gn/T/qiime2-archive-go3jb7je/d2083e36-6efc-4ed4-83e1-e5530a069815/data/12-16-20-alki-g2_1_L001_R1_001.fastq.gz
INFO(8609093120)2022-02-09 12:03:55,637:dereplicate seqs file /private/var/folders/kg/8vg7l_kn7mj_706mwvy19dq00000gn/T/tmp_ba8m0sd/deblur_working_dir/12-16-20-alki-g2_1_L001_R1_001.fastq.gz.trim
INFO(8609093120)2022-02-09 12:03:55,659:remove_artifacts_seqs file /private/var/folders/kg/8vg7l_kn7mj_706mwvy19dq00000gn/T/tmp_ba8m0sd/deblur_working_dir/12-16-20-alki-g2_1_L001_R1_001.fastq.gz.trim.derep
INFO(8609093120)2022-02-09 12:03:56,002:total sequences 23, passing sequences 23, failing sequences 0
INFO(8609093120)2022-02-09 12:03:56,002:multiple_sequence_alignment seqs file /private/var/folders/kg/8vg7l_kn7mj_706mwvy19dq00000gn/T/tmp_ba8m0sd/deblur_working_dir/12-16-20-alki-g2_1_L001_R1_001.fastq.gz.trim.derep.no_artifacts
INFO(8609093120)2022-02-09 12:03:57,254:deblurring 23 sequences
INFO(8609093120)2022-02-09 12:03:57,256:15 unique sequences left following deblurring
INFO(8609093120)2022-02-09 12:03:57,256:remove_chimeras_denovo_from_seqs seqs file /private/var/folders/kg/8vg7l_kn7mj_706mwvy19dq00000gn/T/tmp_ba8m0sd/deblur_working_dir/12-16-20-alki-g2_1_L001_R1_001.fastq.gz.trim.derep.no_artifacts.msa.deblurto working dir /private/var/folders/kg/8vg7l_kn7mj_706mwvy19dq00000gn/T/tmp_ba8m0sd/deblur_working_dir
INFO(8609093120)2022-02-09 12:03:57,285:finished processing file
INFO(8609093120)2022-02-09 12:03:57,286:--------------------------------------------------------
INFO(8609093120)2022-02-09 12:03:57,286:launch_workflow for file /private/var/folders/kg/8vg7l_kn7mj_706mwvy19dq00000gn/T/qiime2-archive-go3jb7je/d2083e36-6efc-4ed4-83e1-e5530a069815/data/12-22-20-gg-ng5_29_L001_R1_001.fastq.gz
INFO(8609093120)2022-02-09 12:04:03,670:dereplicate seqs file /private/var/folders/kg/8vg7l_kn7mj_706mwvy19dq00000gn/T/tmp_ba8m0sd/deblur_working_dir/12-22-20-gg-ng5_29_L001_R1_001.fastq.gz.trim
INFO(8609093120)2022-02-09 12:04:03,724:remove_artifacts_seqs file /private/var/folders/kg/8vg7l_kn7mj_706mwvy19dq00000gn/T/tmp_ba8m0sd/deblur_working_dir/12-22-20-gg-ng5_29_L001_R1_001.fastq.gz.trim.derep
INFO(8609093120)2022-02-09 12:04:04,106:total sequences 1047, passing sequences 1047, failing sequences 0
INFO(8609093120)2022-02-09 12:04:04,107:multiple_sequence_alignment seqs file /private/var/folders/kg/8vg7l_kn7mj_706mwvy19dq00000gn/T/tmp_ba8m0sd/deblur_working_dir/12-22-20-gg-ng5_29_L001_R1_001.fastq.gz.trim.derep.no_artifacts
INFO(8609093120)2022-02-09 12:04:10,990:deblurring 1047 sequences
INFO(8609093120)2022-02-09 12:04:11,329:195 unique sequences left following deblurring
INFO(8609093120)2022-02-09 12:04:11,330:remove_chimeras_denovo_from_seqs seqs file /private/var/folders/kg/8vg7l_kn7mj_706mwvy19dq00000gn/T/tmp_ba8m0sd/deblur_working_dir/12-22-20-gg-ng5_29_L001_R1_001.fastq.gz.trim.derep.no_artifacts.msa.deblurto working dir /private/var/folders/kg/8vg7l_kn7mj_706mwvy19dq00000gn/T/tmp_ba8m0sd/deblur_working_dir
INFO(8609093120)2022-02-09 12:04:11,515:finished processing file
INFO(8609093120)2022-02-09 12:04:11,516:finished processing per sample fasta files
INFO(8609093120)2022-02-09 12:04:11,518:create_otu_table for 59 samples, into output table /private/var/folders/kg/8vg7l_kn7mj_706mwvy19dq00000gn/T/tmp_ba8m0sd/all.biom
INFO(8609093120)2022-02-09 12:04:12,004:for output biom table loaded 59 samples, 6235 unique sequences
INFO(8609093120)2022-02-09 12:04:12,012:keeping 1347 (out of 6235 sequences) with >=10 reads
INFO(8609093120)2022-02-09 12:04:12,072:saved to biom file /private/var/folders/kg/8vg7l_kn7mj_706mwvy19dq00000gn/T/tmp_ba8m0sd/all.biom
INFO(8609093120)2022-02-09 12:04:12,075:saved sequence fasta file to /private/var/folders/kg/8vg7l_kn7mj_706mwvy19dq00000gn/T/tmp_ba8m0sd/all.seqs.fa
INFO(8609093120)2022-02-09 12:04:12,075:getting 16s sequences from the biom table
INFO(8609093120)2022-02-09 12:04:12,075:remove_artifacts_seqs file /private/var/folders/kg/8vg7l_kn7mj_706mwvy19dq00000gn/T/tmp_ba8m0sd/all.seqs.fa
INFO(8609093120)2022-02-09 12:04:17,025:total sequences 1347, passing sequences 1339, failing sequences 8
WARNING(8609093120)2022-02-09 12:04:17,050:removed 35 samples with reads per sample<1
INFO(8609093120)2022-02-09 12:04:17,054:wrote artifact only filtered biom table to /private/var/folders/kg/8vg7l_kn7mj_706mwvy19dq00000gn/T/tmp_ba8m0sd/reference-non-hit.biom
INFO(8609093120)2022-02-09 12:04:17,055:saved biom table sequences to fasta file /private/var/folders/kg/8vg7l_kn7mj_706mwvy19dq00000gn/T/tmp_ba8m0sd/reference-non-hit.seqs.fa
INFO(8609093120)2022-02-09 12:04:17,064:wrote 16s filtered biom table to /private/var/folders/kg/8vg7l_kn7mj_706mwvy19dq00000gn/T/tmp_ba8m0sd/reference-hit.biom
INFO(8609093120)2022-02-09 12:04:17,066:saved biom table sequences to fasta file /private/var/folders/kg/8vg7l_kn7mj_706mwvy19dq00000gn/T/tmp_ba8m0sd/reference-hit.seqs.fa
INFO(8609093120)2022-02-09 12:04:17,066:Keeping temp files
INFO(8609093120)2022-02-09 12:04:17,066:deblur workflow finished
INFO(8609093120)2022-02-09 12:04:17,066:output saved to /private/var/folders/kg/8vg7l_kn7mj_706mwvy19dq00000gn/T/tmp_ba8m0sd/all.biom
INFO(8609093120)2022-02-09 12:04:17,066:------------------
